ARM Linker, 5.03 [Build 24] [MDK-ARM Professional]

==============================================================================

Section Cross References

    main.o(.text) refers to _printf_percent.o(.ARM.Collect$$_printf_percent$$00000000) for _printf_percent
    main.o(.text) refers to delay.o(.text) for delay_init
    main.o(.text) refers to sys.o(.text) for NVIC_Configuration
    main.o(.text) refers to usart.o(.text) for uart_init
    main.o(.text) refers to led.o(.text) for LED_Init
    main.o(.text) refers to key.o(.text) for KEY_Init
    main.o(.text) refers to adc.o(.text) for ADC_INIT
    main.o(.text) refers to timer.o(.text) for TIM3_Init
    main.o(.text) refers to oled.o(.text) for OLED_Init
    main.o(.text) refers to rtc.o(.text) for RTC_Init
    main.o(.text) refers to dma.o(.text) for ADC1_DMA_Config
    main.o(.text) refers to tsensor.o(.text) for T_Get_Temperture
    main.o(.text) refers to ffixu.o(x$fpl$ffixu) for __aeabi_f2uiz
    main.o(.text) refers to __2printf.o(.text) for __2printf
    main.o(.text) refers to adc.o(.bss) for adcx
    main.o(.text) refers to system_stm32f10x.o(.data) for SystemCoreClock
    main.o(.text) refers to usmart_config.o(.data) for usmart_dev
    main.o(.text) refers to rtc.o(.bss) for calendar
    main.o(.text) refers to main.o(.data) for second
    main.o(.text) refers to adc.o(.data) for adcx_avg
    main.o(.text) refers to timer.o(.data) for Data_Buffer
    main.o(.text) refers to usart.o(.data) for USART_RX_STA
    main.o(.text) refers to usart.o(.bss) for USART_RX_BUF
    system_stm32f10x.o(.text) refers to system_stm32f10x.o(.data) for SystemCoreClock
    adc.o(.text) refers to stm32f10x_rcc.o(.text) for RCC_APB2PeriphClockCmd
    adc.o(.text) refers to stm32f10x_gpio.o(.text) for GPIO_Init
    adc.o(.text) refers to stm32f10x_adc.o(.text) for ADC_DeInit
    adc.o(.text) refers to adc.o(.bss) for adcx
    adc.o(.text) refers to adc.o(.data) for adcx_avg
    key.o(.text) refers to stm32f10x_rcc.o(.text) for RCC_APB2PeriphClockCmd
    key.o(.text) refers to stm32f10x_gpio.o(.text) for GPIO_Init
    key.o(.text) refers to delay.o(.text) for delay_ms
    key.o(.text) refers to key.o(.data) for key_up
    led.o(.text) refers to stm32f10x_rcc.o(.text) for RCC_APB2PeriphClockCmd
    led.o(.text) refers to stm32f10x_gpio.o(.text) for GPIO_Init
    timer.o(.text) refers to stm32f10x_rcc.o(.text) for RCC_APB1PeriphClockCmd
    timer.o(.text) refers to stm32f10x_tim.o(.text) for TIM_TimeBaseInit
    timer.o(.text) refers to misc.o(.text) for NVIC_Init
    timer.o(.text) refers to adc.o(.text) for adc_buffer
    timer.o(.text) refers to adc.o(.data) for adcx_avg
    timer.o(.text) refers to timer.o(.data) for Signal
    timer.o(.text) refers to timer.o(.bss) for rate
    timer.o(.text) refers to main.o(.data) for QS
    oled.o(.text) refers to stm32f10x_gpio.o(.text) for GPIO_SetBits
    oled.o(.text) refers to stm32f10x_rcc.o(.text) for RCC_APB2PeriphClockCmd
    oled.o(.text) refers to delay.o(.text) for delay_ms
    oled.o(.text) refers to oled.o(.bss) for OLED_GRAM
    oled.o(.text) refers to oled.o(.constdata) for OLED_ASCII_1206
    hc05.o(.text) refers to _printf_percent.o(.ARM.Collect$$_printf_percent$$00000000) for _printf_percent
    hc05.o(.text) refers to _printf_s.o(.ARM.Collect$$_printf_percent$$00000014) for _printf_s
    hc05.o(.text) refers to _printf_str.o(.text) for _printf_str
    hc05.o(.text) refers to stm32f10x_rcc.o(.text) for RCC_APB2PeriphClockCmd
    hc05.o(.text) refers to stm32f10x_gpio.o(.text) for GPIO_Init
    hc05.o(.text) refers to usart2.o(.text) for USART2_Init
    hc05.o(.text) refers to delay.o(.text) for delay_ms
    hc05.o(.text) refers to __2printf.o(.text) for __2printf
    hc05.o(.text) refers to usart2.o(.data) for USART2_RX_STA
    hc05.o(.text) refers to usart2.o(.bss) for USART2_RX_BUF
    usart2.o(.text) refers to stm32f10x_tim.o(.text) for TIM_SetCounter
    usart2.o(.text) refers to stm32f10x_rcc.o(.text) for RCC_APB1PeriphClockCmd
    usart2.o(.text) refers to misc.o(.text) for NVIC_Init
    usart2.o(.text) refers to stm32f10x_dma.o(.text) for DMA_DeInit
    usart2.o(.text) refers to stm32f10x_usart.o(.text) for USART_DeInit
    usart2.o(.text) refers to stm32f10x_gpio.o(.text) for GPIO_Init
    usart2.o(.text) refers to c89vsprintf.o(.text) for __c89vsprintf
    usart2.o(.text) refers to strlen.o(.text) for strlen
    usart2.o(.text) refers to usart2.o(.bss) for USART2_TX_BUF
    usart2.o(.text) refers to usart2.o(.data) for USART2_RX_STA
    rtc.o(.text) refers to stm32f10x_rtc.o(.text) for RTC_GetCounter
    rtc.o(.text) refers to misc.o(.text) for NVIC_Init
    rtc.o(.text) refers to stm32f10x_rcc.o(.text) for RCC_APB1PeriphClockCmd
    rtc.o(.text) refers to stm32f10x_pwr.o(.text) for PWR_BackupAccessCmd
    rtc.o(.text) refers to stm32f10x_bkp.o(.text) for BKP_ReadBackupRegister
    rtc.o(.text) refers to delay.o(.text) for delay_ms
    rtc.o(.text) refers to rtc.o(.constdata) for table_week
[...]
    _clock_init                               - Undefined Weak Reference
    _fp_trap_init                             - Undefined Weak Reference
    _fp_trap_shutdown                         - Undefined Weak Reference
    _get_lc_collate                           - Undefined Weak Reference
    _get_lc_monetary                          - Undefined Weak Reference
    _get_lc_time                              - Undefined Weak Reference
    _getenv_init                              - Undefined Weak Reference
    _handle_redirection                       - Undefined Weak Reference
    _init_alloc                               - Undefined Weak Reference
    _init_user_alloc                          - Undefined Weak Reference
    _initio                                   - Undefined Weak Reference
    _mutex_acquire                            - Undefined Weak Reference
    _mutex_release                            - Undefined Weak Reference
    _printf_fp_hex                            - Undefined Weak Reference
    _printf_mbtowc                            - Undefined Weak Reference
    _printf_wc                                - Undefined Weak Reference
    _rand_init                                - Undefined Weak Reference
    _signal_finish                            - Undefined Weak Reference
    _signal_init                              - Undefined Weak Reference
    _terminate_alloc                          - Undefined Weak Reference
    _terminate_user_alloc                     - Undefined Weak Reference
    _terminateio                              - Undefined Weak Reference
    __Vectors_Size                           0x00000130   Number         0  startup_stm32f10x_hd.o ABSOLUTE
    __Vectors                                0x08000000   Data           4  startup_stm32f10x_hd.o(RESET)
    __Vectors_End                            0x08000130   Data           0  startup_stm32f10x_hd.o(RESET)
    __main                                   0x08000131   Thumb Code     8  __main.o(!!!main)
    __scatterload                            0x08000139   Thumb Code     0  __scatter.o(!!!scatter)
    __scatterload_rt2                        0x08000139   Thumb Code    44  __scatter.o(!!!scatter)
    __scatterload_rt2_thumb_only             0x08000139   Thumb Code     0  __scatter.o(!!!scatter)
    __scatterload_null                       0x08000147   Thumb Code     0  __scatter.o(!!!scatter)
    __decompress                             0x0800016d   Thumb Code    90  __dczerorl2.o(!!dczerorl2)
    __decompress1                            0x0800016d   Thumb Code     0  __dczerorl2.o(!!dczerorl2)
    __scatterload_zeroinit                   0x080001c9   Thumb Code    28  __scatter_zi.o(!!handler_zi)
    _printf_n                                0x080001e5   Thumb Code     0  _printf_n.o(.ARM.Collect$$_printf_percent$$00000001)
    _printf_percent                          0x080001e5   Thumb Code     0  _printf_percent.o(.ARM.Collect$$_printf_percent$$00000000)
    _printf_p                                0x080001eb   Thumb Code     0  _printf_p.o(.ARM.Collect$$_printf_percent$$00000002)
    _printf_f                                0x080001f1   Thumb Code     0  _printf_f.o(.ARM.Collect$$_printf_percent$$00000003)
    _printf_e                                0x080001f7   Thumb Code     0  _printf_e.o(.ARM.Collect$$_printf_percent$$00000004)
    _printf_g                                0x080001fd   Thumb Code     0  _printf_g.o(.ARM.Collect$$_printf_percent$$00000005)
    _printf_a                                0x08000203   Thumb Code     0  _printf_a.o(.ARM.Collect$$_printf_percent$$00000006)
    _printf_ll                               0x08000209   Thumb Code     0  _printf_ll.o(.ARM.Collect$$_printf_percent$$00000007)
    _printf_i                                0x08000213   Thumb Code     0  _printf_i.o(.ARM.Collect$$_printf_percent$$00000008)
    _printf_d                                0x08000219   Thumb Code     0  _printf_d.o(.ARM.Collect$$_printf_percent$$00000009)
    _printf_u                                0x0800021f   Thumb Code     0  _printf_u.o(.ARM.Collect$$_printf_percent$$0000000A)
    _printf_o                                0x08000225   Thumb Code     0  _printf_o.o(.ARM.Collect$$_printf_percent$$0000000B)
    _printf_x                                0x0800022b   Thumb Code     0  _printf_x.o(.ARM.Collect$$_printf_percent$$0000000C)
    _printf_lli                              0x08000231   Thumb Code     0  _printf_lli.o(.ARM.Collect$$_printf_percent$$0000000D)
    _printf_lld                              0x08000237   Thumb Code     0  _printf_lld.o(.ARM.Collect$$_printf_percent$$0000000E)
    _printf_llu                              0x0800023d   Thumb Code     0  _printf_llu.o(.ARM.Collect$$_printf_percent$$0000000F)
    _printf_llo                              0x08000243   Thumb Code     0  _printf_llo.o(.ARM.Collect$$_printf_percent$$00000010)
    _printf_llx                              0x08000249   Thumb Code     0  _printf_llx.o(.ARM.Collect$$_printf_percent$$00000011)
    _printf_l                                0x0800024f   Thumb Code     0  _printf_l.o(.ARM.Collect$$_printf_percent$$00000012)
    _printf_c                                0x08000259   Thumb Code     0  _printf_c.o(.ARM.Collect$$_printf_percent$$00000013)
    _printf_s                                0x0800025f   Thumb Code     0  _printf_s.o(.ARM.Collect$$_printf_percent$$00000014)
    _printf_lc                               0x08000265   Thumb Code     0  _printf_lc.o(.ARM.Collect$$_printf_percent$$00000015)
    _printf_ls                               0x0800026b   Thumb Code     0  _printf_ls.o(.ARM.Collect$$_printf_percent$$00000016)
    _printf_percent_end                      0x08000271   Thumb Code     0  _printf_percent_end.o(.ARM.Collect$$_printf_percent$$00000017)
    __rt_lib_init                            0x08000275   Thumb Code     0  libinit.o(.ARM.Collect$$libinit$$00000000)
    __rt_lib_init_fp_1                       0x08000277   Thumb Code     0  libinit2.o(.ARM.Collect$$libinit$$00000002)
    __rt_lib_init_heap_1                     0x08000277   Thumb Code     0  libinit2.o(.ARM.Collect$$libinit$$00000008)
    __rt_lib_init_lc_common                  0x08000277   Thumb Code     0  libinit2.o(.ARM.Collect$$libinit$$0000000D)
    __rt_lib_init_rand_1                     0x08000277   Thumb Code     0  libinit2.o(.ARM.Collect$$libinit$$0000000C)
    __rt_lib_init_user_alloc_1               0x08000277   Thumb Code     0  libinit2.o(.ARM.Collect$$libinit$$0000000A)
    __rt_lib_init_lc_collate_1               0x0800027d   Thumb Code     0  libinit2.o(.ARM.Collect$$libinit$$0000000F)
    __rt_lib_init_lc_ctype_2                 0x0800027d   Thumb Code     0  libinit2.o(.ARM.Collect$$libinit$$00000010)
    __rt_lib_init_lc_ctype_1                 0x08000289   Thumb Code     0  libinit2.o(.ARM.Collect$$libinit$$00000011)
    __rt_lib_init_lc_monetary_1              0x08000289   Thumb Code     0  libinit2.o(.ARM.Collect$$libinit$$00000013)
    __rt_lib_init_lc_numeric_2               0x08000289   Thumb Code     0  libinit2.o(.ARM.Collect$$libinit$$00000014)
    __rt_lib_init_alloca_1                   0x08000293   Thumb Code     0  libinit2.o(.ARM.Collect$$libinit$$0000002C)
    __rt_lib_init_argv_1                     0x08000293   Thumb Code     0  libinit2.o(.ARM.Collect$$libinit$$0000002A)
    __rt_lib_init_atexit_1                   0x08000293   Thumb Code     0  libinit2.o(.ARM.Collect$$libinit$$00000019)
    __rt_lib_init_clock_1                    0x08000293   Thumb Code     0  libinit2.o(.ARM.Collect$$libinit$$0000001F)
    __rt_lib_init_cpp_1                      0x08000293   Thumb Code     0  libinit2.o(.ARM.Collect$$libinit$$00000030)
    __rt_lib_init_exceptions_1               0x08000293   Thumb Code     0  libinit2.o(.ARM.Collect$$libinit$$0000002E)
    __rt_lib_init_fp_trap_1                  0x08000293   Thumb Code     0  libinit2.o(.ARM.Collect$$libinit$$0000001D)
    __rt_lib_init_getenv_1                   0x08000293   Thumb Code     0  libinit2.o(.ARM.Collect$$libinit$$00000021)
    __rt_lib_init_lc_numeric_1               0x08000293   Thumb Code     0  libinit2.o(.ARM.Collect$$libinit$$00000015)
    __rt_lib_init_lc_time_1                  0x08000293   Thumb Code     0  libinit2.o(.ARM.Collect$$libinit$$00000017)
    __rt_lib_init_return                     0x08000293   Thumb Code     0  libinit2.o(.ARM.Collect$$libinit$$00000031)
    __rt_lib_init_signal_1                   0x08000293   Thumb Code     0  libinit2.o(.ARM.Collect$$libinit$$0000001B)
    __rt_lib_init_stdio_1                    0x08000293   Thumb Code     0  libinit2.o(.ARM.Collect$$libinit$$00000023)
    __rt_lib_shutdown                        0x08000295   Thumb Code     0  libshutdown.o(.ARM.Collect$$libshutdown$$00000000)
    __rt_lib_shutdown_fp_trap_1              0x08000297   Thumb Code     0  libshutdown2.o(.ARM.Collect$$libshutdown$$00000006)
    __rt_lib_shutdown_heap_1                 0x08000297   Thumb Code     0  libshutdown2.o(.ARM.Collect$$libshutdown$$0000000E)
    __rt_lib_shutdown_return                 0x08000297   Thumb Code     0  libshutdown2.o(.ARM.Collect$$libshutdown$$0000000F)
    __rt_lib_shutdown_signal_1               0x08000297   Thumb Code     0  libshutdown2.o(.ARM.Collect$$libshutdown$$00000009)
    __rt_lib_shutdown_stdio_1                0x08000297   Thumb Code     0  libshutdown2.o(.ARM.Collect$$libshutdown$$00000003)
    __rt_lib_shutdown_user_alloc_1           0x08000297   Thumb Code     0  libshutdown2.o(.ARM.Collect$$libshutdown$$0000000B)
    __rt_entry                               0x08000299   Thumb Code     0  rtentry.o(.ARM.Collect$$rtentry$$00000000)
    __rt_entry_presh_1                       0x08000299   Thumb Code     0  rtentry2.o(.ARM.Collect$$rtentry$$00000002)
    __rt_entry_sh                            0x08000299   Thumb Code     0  rtentry4.o(.ARM.Collect$$rtentry$$00000004)
    __rt_entry_li                            0x0800029f   Thumb Code     0  rtentry2.o(.ARM.Collect$$rtentry$$0000000A)
    __rt_entry_postsh_1                      0x0800029f   Thumb Code     0  rtentry2.o(.ARM.Collect$$rtentry$$00000009)
    __rt_entry_main                          0x080002a3   Thumb Code     0  rtentry2.o(.ARM.Collect$$rtentry$$0000000D)
    __rt_entry_postli_1                      0x080002a3   Thumb Code     0  rtentry2.o(.ARM.Collect$$rtentry$$0000000C)
    __rt_exit                                0x080002ab   Thumb Code     0  rtexit.o(.ARM.Collect$$rtexit$$00000000)
    __rt_exit_ls                             0x080002ad   Thumb Code     0  rtexit2.o(.ARM.Collect$$rtexit$$00000003)
    __rt_exit_prels_1                        0x080002ad   Thumb Code     0  rtexit2.o(.ARM.Collect$$rtexit$$00000002)
    __rt_exit_exit                           0x080002b1   Thumb Code     0  rtexit2.o(.ARM.Collect$$rtexit$$00000004)
    System_Init                              0x080002b9   Thumb Code    88  main.o(.text)
    Display_Static_Time                      0x08000311   Thumb Code   310  main.o(.text)
    Display_Static_Heart_Rate                0x08000447   Thumb Code   116  main.o(.text)
    Display_Static_Pedomter                  0x080004bb   Thumb Code   116  main.o(.text)
    Update_Time                              0x0800052f   Thumb Code   252  main.o(.text)
    Update_Temperture                        0x0800062b   Thumb Code    48  main.o(.text)
    Update_Heart_Rate                        0x0800065b   Thumb Code    60  main.o(.text)
    Update_Pedometer                         0x08000697   Thumb Code   218  main.o(.text)
    main                                     0x08000771   Thumb Code   126  main.o(.text)
    NMI_Handler                              0x080007f5   Thumb Code     2  stm32f10x_it.o(.text)
    HardFault_Handler                        0x080007f7   Thumb Code     4  stm32f10x_it.o(.text)
    MemManage_Handler                        0x080007fb   Thumb Code     4  stm32f10x_it.o(.text)
    BusFault_Handler                         0x080007ff   Thumb Code     4  stm32f10x_it.o(.text)
    UsageFault_Handler                       0x08000803   Thumb Code     4  stm32f10x_it.o(.text)
    SVC_Handler                              0x08000807   Thumb Code     2  stm32f10x_it.o(.text)
    DebugMon_Handler                         0x08000809   Thumb Code     2  stm32f10x_it.o(.text)
    PendSV_Handler                           0x0800080b   Thumb Code     2  stm32f10x_it.o(.text)
    SysTick_Handler                          0x0800080d   Thumb Code     2  stm32f10x_it.o(.text)
    SystemInit                               0x080008ed   Thumb Code    78  system_stm32f10x.o(.text)
    SystemCoreClockUpdate                    0x0800093b   Thumb Code   142  system_stm32f10x.o(.text)
    ADC_INIT                                 0x080009ed   Thumb Code   172  adc.o(.text)
    adc_buffer                               0x08000a99   Thumb Code    56  adc.o(.text)
    KEY_Init                                 0x08000ae1   Thumb Code    52  key.o(.text)
    KEY_Scan                                 0x08000b15   Thumb Code   188  key.o(.text)
    LED_Init                                 0x08000bdd   Thumb Code    68  led.o(.text)
    TIM3_Init                                0x08000c29   Thumb Code    90  timer.o(.text)
    TIM3_IRQHandler                          0x08000c83   Thumb Code   606  timer.o(.text)
    OLED_WR_Byte                             0x08000f25   Thumb Code   108  oled.o(.text)
    OLED_Refresh_Gram                        0x08000f91   Thumb Code    70  oled.o(.text)
    OLED_Clear                               0x08000fd7   Thumb Code    42  oled.o(.text)
    OLED_Init                                0x08001001   Thumb Code   326  oled.o(.text)
    OLED_Display_On                          0x08001147   Thumb Code    28  oled.o(.text)
    OLED_Display_Off                         0x08001163   Thumb Code    28  oled.o(.text)
    OLED_DrawPoint                           0x0800117f   Thumb Code   100  oled.o(.text)
    OLED_Fill                                0x080011e3   Thumb Code    58  oled.o(.text)
    OLED_ShowChar                            0x0800121d   Thumb Code   158  oled.o(.text)
    OLED_Special_Char                        0x080012bb   Thumb Code   154  oled.o(.text)
    Power_Function                           0x08001355   Thumb Code    22  oled.o(.text)
    OLED_ShowNum                             0x0800136b   Thumb Code   148  oled.o(.text)
    OLED_ShowString                          0x080013ff   Thumb Code    68  oled.o(.text)
    OLED_Show_Chinese                        0x08001443   Thumb Code   126  oled.o(.text)
    TIM4_Set                                 0x080014c5   Thumb Code    34  usart2.o(.text)
    TIM4_Init                                0x080014e7   Thumb Code    82  usart2.o(.text)
    UART_DMA_Config                          0x08001539   Thumb Code    72  usart2.o(.text)
    USART2_Init                              0x08001581   Thumb Code   204  usart2.o(.text)
    USART2_IRQHandler                        0x0800164d   Thumb Code    82  usart2.o(.text)
    UART_DMA_Enable                          0x0800169f   Thumb Code    32  usart2.o(.text)
    u2_printf                                0x080016bf   Thumb Code    56  usart2.o(.text)
    TIM4_IRQHandler                          0x080016f7   Thumb Code    40  usart2.o(.text)
    RTC_Get_Week                             0x0800173d   Thumb Code   110  rtc.o(.text)
    Is_Leap_Year                             0x080017ab   Thumb Code    58  rtc.o(.text)
    RTC_Get                                  0x080017e5   Thumb Code   240  rtc.o(.text)
    RTC_Set                                  0x080018f5   Thumb Code   184  rtc.o(.text)
    RTC_Init                                 0x080019ad   Thumb Code   190  rtc.o(.text)
    RTC_IRQHandler                           0x08001a6b   Thumb Code    54  rtc.o(.text)
    T_Get_Temperture                         0x08001abd   Thumb Code    88  tsensor.o(.text)
    T_Get_Calibrated_Temperature             0x08001b15   Thumb Code    36  tsensor.o(.text)
    ADC1_DMA_Config                          0x08001b55   Thumb Code    74  dma.o(.text)
    ADC1_DMA_Enable                          0x08001b9f   Thumb Code    30  dma.o(.text)
    delay_init                               0x08001bc1   Thumb Code    50  delay.o(.text)
    delay_us                                 0x08001bf3   Thumb Code    70  delay.o(.text)
    delay_ms                                 0x08001c39   Thumb Code    70  delay.o(.text)
    NVIC_Configuration                       0x08001c91   Thumb Code    12  sys.o(.text)
    _sys_exit                                0x08001c9d   Thumb Code     6  usart.o(.text)
    fputc                                    0x08001ca3   Thumb Code    22  usart.o(.text)
    uart_init                                0x08001cb9   Thumb Code   158  usart.o(.text)
    USART1_IRQHandler                        0x08001d57   Thumb Code   122  usart.o(.text)
    Reset_Handler                            0x08001de1   Thumb Code     8  startup_stm32f10x_hd.o(.text)
    ADC1_2_IRQHandler                        0x08001dfb   Thumb Code     0  startup_stm32f10x_hd.o(.text)
    ADC3_IRQHandler                          0x08001dfb   Thumb Code     0  startup_stm32f10x_hd.o(.text)
    CAN1_RX1_IRQHandler                      0x08001dfb   Thumb Code     0  startup_stm32f10x_hd.o(.text)
    CAN1_SCE_IRQHandler                      0x08001dfb   Thumb Code     0  startup_stm32f10x_hd.o(.text)
    DMA1_Channel1_IRQHandler                 0x08001dfb   Thumb Code     0  startup_stm32f10x_hd.o(.text)
    DMA1_Channel2_IRQHandler                 0x08001dfb   Thumb Code     0  startup_stm32f10x_hd.o(.text)
    DMA1_Channel3_IRQHandler                 0x08001dfb   Thumb Code     0  startup_stm32f10x_hd.o(.text)
    DMA1_Channel4_IRQHandler                 0x08001dfb   Thumb Code     0  startup_stm32f10x_hd.o(.text)
    DMA1_Channel5_IRQHandler                 0x08001dfb   Thumb Code     0  startup_stm32f10x_hd.o(.text)
    DMA1_Channel6_IRQHandler                 0x08001dfb   Thumb Code     0  startup_stm32f10x_hd.o(.text)
    DMA1_Channel7_IRQHandler                 0x08001dfb   Thumb Code     0  startup_stm32f10x_hd.o(.text)
    DMA2_Channel1_IRQHandler                 0x08001dfb   Thumb Code     0  startup_stm32f10x_hd.o(.text)
    DMA2_Channel2_IRQHandler                 0x08001dfb   Thumb Code     0  startup_stm32f10x_hd.o(.text)
    DMA2_Channel3_IRQHandler                 0x08001dfb   Thumb Code     0  startup_stm32f10x_hd.o(.text)
    DMA2_Channel4_5_IRQHandler               0x08001dfb   Thumb Code     0  startup_stm32f10x_hd.o(.text)
    EXTI0_IRQHandler                         0x08001dfb   Thumb Code     0  startup_stm32f10x_hd.o(.text)
    EXTI15_10_IRQHandler                     0x08001dfb   Thumb Code     0  startup_stm32f10x_hd.o(.text)
    EXTI1_IRQHandler                         0x08001dfb   Thumb Code     0  startup_stm32f10x_hd.o(.text)
    EXTI2_IRQHandler                         0x08001dfb   Thumb Code     0  startup_stm32f10x_hd.o(.text)
    EXTI3_IRQHandler                         0x08001dfb   Thumb Code     0  startup_stm32f10x_hd.o(.text)
    EXTI4_IRQHandler                         0x08001dfb   Thumb Code     0  startup_stm32f10x_hd.o(.text)
    EXTI9_5_IRQHandler                       0x08001dfb   Thumb Code     0  startup_stm32f10x_hd.o(.text)
    FLASH_IRQHandler                         0x08001dfb   Thumb Code     0  startup_stm32f10x_hd.o(.text)
    FSMC_IRQHandler                          0x08001dfb   Thumb Code     0  startup_stm32f10x_hd.o(.text)
    I2C1_ER_IRQHandler                       0x08001dfb   Thumb Code     0  startup_stm32f10x_hd.o(.text)
    I2C1_EV_IRQHandler                       0x08001dfb   Thumb Code     0  startup_stm32f10x_hd.o(.text)
    I2C2_ER_IRQHandler                       0x08001dfb   Thumb Code     0  startup_stm32f10x_hd.o(.text)
    I2C2_EV_IRQHandler                       0x08001dfb   Thumb Code     0  startup_stm32f10x_hd.o(.text)
    PVD_IRQHandler                           0x08001dfb   Thumb Code     0  startup_stm32f10x_hd.o(.text)
    RCC_IRQHandler                           0x08001dfb   Thumb Code     0  startup_stm32f10x_hd.o(.text)
    RTCAlarm_IRQHandler                      0x08001dfb   Thumb Code     0  startup_stm32f10x_hd.o(.text)
    SDIO_IRQHandler                          0x08001dfb   Thumb Code     0  startup_stm32f10x_hd.o(.text)
    SPI1_IRQHandler                          0x08001dfb   Thumb Code     0  startup_stm32f10x_hd.o(.text)
    SPI2_IRQHandler                          0x08001dfb   Thumb Code     0  startup_stm32f10x_hd.o(.text)
    SPI3_IRQHandler                          0x08001dfb   Thumb Code     0  startup_stm32f10x_hd.o(.text)
    TAMPER_IRQHandler                        0x08001dfb   Thumb Code     0  startup_stm32f10x_hd.o(.text)
    TIM1_BRK_IRQHandler                      0x08001dfb   Thumb Code     0  startup_stm32f10x_hd.o(.text)
    TIM1_CC_IRQHandler                       0x08001dfb   Thumb Code     0  startup_stm32f10x_hd.o(.text)
    TIM1_TRG_COM_IRQHandler                  0x08001dfb   Thumb Code     0  startup_stm32f10x_hd.o(.text)
    TIM1_UP_IRQHandler                       0x08001dfb   Thumb Code     0  startup_stm32f10x_hd.o(.text)
    TIM5_IRQHandler                          0x08001dfb   Thumb Code     0  startup_stm32f10x_hd.o(.text)
    TIM6_IRQHandler                          0x08001dfb   Thumb Code     0  startup_stm32f10x_hd.o(.text)
    TIM7_IRQHandler                          0x08001dfb   Thumb Code     0  startup_stm32f10x_hd.o(.text)
    TIM8_BRK_IRQHandler                      0x08001dfb   Thumb Code     0  startup_stm32f10x_hd.o(.text)
    TIM8_CC_IRQHandler                       0x08001dfb   Thumb Code     0  startup_stm32f10x_hd.o(.text)
    TIM8_TRG_COM_IRQHandler                  0x08001dfb   Thumb Code     0  startup_stm32f10x_hd.o(.text)
    TIM8_UP_IRQHandler                       0x08001dfb   Thumb Code     0  startup_stm32f10x_hd.o(.text)
    UART4_IRQHandler                         0x08001dfb   Thumb Code     0  startup_stm32f10x_hd.o(.text)
    UART5_IRQHandler                         0x08001dfb   Thumb Code     0  startup_stm32f10x_hd.o(.text)
    USART3_IRQHandler                        0x08001dfb   Thumb Code     0  startup_stm32f10x_hd.o(.text)
    USBWakeUp_IRQHandler                     0x08001dfb   Thumb Code     0  startup_stm32f10x_hd.o(.text)
    USB_HP_CAN1_TX_IRQHandler                0x08001dfb   Thumb Code     0  startup_stm32f10x_hd.o(.text)
    USB_LP_CAN1_RX0_IRQHandler               0x08001dfb   Thumb Code     0  startup_stm32f10x_hd.o(.text)
    WWDG_IRQHandler                          0x08001dfb   Thumb Code     0  startup_stm32f10x_hd.o(.text)
    __user_initial_stackheap                 0x08001dfd   Thumb Code     0  startup_stm32f10x_hd.o(.text)
    NVIC_PriorityGroupConfig                 0x08001e21   Thumb Code    10  misc.o(.text)
    NVIC_Init                                0x08001e2b   Thumb Code   102  misc.o(.text)
    NVIC_SetVectorTable                      0x08001e91   Thumb Code    14  misc.o(.text)
    NVIC_SystemLPConfig                      0x08001e9f   Thumb Code    34  misc.o(.text)
    SysTick_CLKSourceConfig                  0x08001ec1   Thumb Code    40  misc.o(.text)
    ADC_DeInit                               0x08001efd   Thumb Code    78  stm32f10x_adc.o(.text)
    ADC_Init                                 0x08001f4b   Thumb Code    70  stm32f10x_adc.o(.text)
    ADC_StructInit                           0x08001f91   Thumb Code    18  stm32f10x_adc.o(.text)
    ADC_Cmd                                  0x08001fa3   Thumb Code    22  stm32f10x_adc.o(.text)
    ADC_DMACmd                               0x08001fb9   Thumb Code    22  stm32f10x_adc.o(.text)
    ADC_ITConfig                             0x08001fcf   Thumb Code    24  stm32f10x_adc.o(.text)
    ADC_ResetCalibration                     0x08001fe7   Thumb Code    10  stm32f10x_adc.o(.text)
    ADC_GetResetCalibrationStatus            0x08001ff1   Thumb Code    20  stm32f10x_adc.o(.text)
    ADC_StartCalibration                     0x08002005   Thumb Code    10  stm32f10x_adc.o(.text)
    ADC_GetCalibrationStatus                 0x0800200f   Thumb Code    20  stm32f10x_adc.o(.text)
    ADC_SoftwareStartConvCmd                 0x08002023   Thumb Code    22  stm32f10x_adc.o(.text)
    ADC_GetSoftwareStartConvStatus           0x08002039   Thumb Code    20  stm32f10x_adc.o(.text)
    ADC_DiscModeChannelCountConfig           0x0800204d   Thumb Code    24  stm32f10x_adc.o(.text)
    ADC_DiscModeCmd                          0x08002065   Thumb Code    22  stm32f10x_adc.o(.text)
    ADC_RegularChannelConfig                 0x0800207b   Thumb Code   184  stm32f10x_adc.o(.text)
    ADC_ExternalTrigConvCmd                  0x08002133   Thumb Code    22  stm32f10x_adc.o(.text)
    ADC_GetConversionValue                   0x08002149   Thumb Code     8  stm32f10x_adc.o(.text)
    ADC_GetDualModeConversionValue           0x08002151   Thumb Code     8  stm32f10x_adc.o(.text)
    ADC_AutoInjectedConvCmd                  0x08002159   Thumb Code    22  stm32f10x_adc.o(.text)
    ADC_InjectedDiscModeCmd                  0x0800216f   Thumb Code    22  stm32f10x_adc.o(.text)
    ADC_ExternalTrigInjectedConvConfig       0x08002185   Thumb Code    16  stm32f10x_adc.o(.text)
    ADC_ExternalTrigInjectedConvCmd          0x08002195   Thumb Code    22  stm32f10x_adc.o(.text)
    ADC_SoftwareStartInjectedConvCmd         0x080021ab   Thumb Code    22  stm32f10x_adc.o(.text)
    ADC_GetSoftwareStartInjectedConvCmdStatus 0x080021c1   Thumb Code    20  stm32f10x_adc.o(.text)
    ADC_InjectedChannelConfig                0x080021d5   Thumb Code   130  stm32f10x_adc.o(.text)
    ADC_InjectedSequencerLengthConfig        0x08002257   Thumb Code    24  stm32f10x_adc.o(.text)
    ADC_SetInjectedOffset                    0x0800226f   Thumb Code    20  stm32f10x_adc.o(.text)
    ADC_GetInjectedConversionValue           0x08002283   Thumb Code    28  stm32f10x_adc.o(.text)
    ADC_AnalogWatchdogCmd                    0x0800229f   Thumb Code    16  stm32f10x_adc.o(.text)
    ADC_AnalogWatchdogThresholdsConfig       0x080022af   Thumb Code     6  stm32f10x_adc.o(.text)
    ADC_AnalogWatchdogSingleChannelConfig    0x080022b5   Thumb Code    16  stm32f10x_adc.o(.text)
    ADC_TempSensorVrefintCmd                 0x080022c5   Thumb Code    64  stm32f10x_adc.o(.text)
    ADC_GetFlagStatus                        0x08002305   Thumb Code    18  stm32f10x_adc.o(.text)
    ADC_ClearFlag                            0x08002317   Thumb Code     6  stm32f10x_adc.o(.text)
    ADC_GetITStatus                          0x0800231d   Thumb Code    36  stm32f10x_adc.o(.text)
    ADC_ClearITPendingBit                    0x08002341   Thumb Code    10  stm32f10x_adc.o(.text)
    GPIO_DeInit                              0x0800234d   Thumb Code   172  stm32f10x_gpio.o(.text)
    GPIO_AFIODeInit                          0x080023f9   Thumb Code    20  stm32f10x_gpio.o(.text)
    GPIO_Init                                0x0800240d   Thumb Code   274  stm32f10x_gpio.o(.text)
    GPIO_StructInit                          0x0800251f   Thumb Code    16  stm32f10x_gpio.o(.text)
    GPIO_ReadInputDataBit                    0x0800252f   Thumb Code    18  stm32f10x_gpio.o(.text)
    GPIO_ReadInputData                       0x08002541   Thumb Code     8  stm32f10x_gpio.o(.text)
    GPIO_ReadOutputDataBit                   0x08002549   Thumb Code    18  stm32f10x_gpio.o(.text)
    GPIO_ReadOutputData                      0x0800255b   Thumb Code     8  stm32f10x_gpio.o(.text)
    GPIO_SetBits                             0x08002563   Thumb Code     4  stm32f10x_gpio.o(.text)
    GPIO_ResetBits                           0x08002567   Thumb Code     4  stm32f10x_gpio.o(.text)
    GPIO_WriteBit                            0x0800256b   Thumb Code    10  stm32f10x_gpio.o(.text)
    GPIO_Write                               0x08002575   Thumb Code     4  stm32f10x_gpio.o(.text)
    GPIO_PinLockConfig                       0x08002579   Thumb Code    18  stm32f10x_gpio.o(.text)
    GPIO_EventOutputConfig                   0x0800258b   Thumb Code    26  stm32f10x_gpio.o(.text)
    GPIO_EventOutputCmd                      0x080025a5   Thumb Code     6  stm32f10x_gpio.o(.text)
    GPIO_PinRemapConfig                      0x080025ab   Thumb Code   138  stm32f10x_gpio.o(.text)
    GPIO_EXTILineConfig                      0x08002635   Thumb Code    66  stm32f10x_gpio.o(.text)
    GPIO_ETH_MediaInterfaceConfig            0x08002677   Thumb Code     6  stm32f10x_gpio.o(.text)
    USART_DeInit                             0x080026a5   Thumb Code   134  stm32f10x_usart.o(.text)
    USART_Init                               0x0800272b   Thumb Code   210  stm32f10x_usart.o(.text)
    USART_StructInit                         0x080027fd   Thumb Code    24  stm32f10x_usart.o(.text)
    USART_ClockInit                          0x08002815   Thumb Code    34  stm32f10x_usart.o(.text)
    USART_ClockStructInit                    0x08002837   Thumb Code    12  stm32f10x_usart.o(.text)
    USART_Cmd                                0x08002843   Thumb Code    24  stm32f10x_usart.o(.text)
    USART_ITConfig                           0x0800285b   Thumb Code    74  stm32f10x_usart.o(.text)
    USART_DMACmd                             0x080028a5   Thumb Code    18  stm32f10x_usart.o(.text)
    USART_SetAddress                         0x080028b7   Thumb Code    18  stm32f10x_usart.o(.text)
    USART_WakeUpConfig                       0x080028c9   Thumb Code    18  stm32f10x_usart.o(.text)
    USART_ReceiverWakeUpCmd                  0x080028db   Thumb Code    24  stm32f10x_usart.o(.text)
    USART_LINBreakDetectLengthConfig         0x080028f3   Thumb Code    18  stm32f10x_usart.o(.text)
    USART_LINCmd                             0x08002905   Thumb Code    24  stm32f10x_usart.o(.text)
    USART_SendData                           0x0800291d   Thumb Code     8  stm32f10x_usart.o(.text)
    USART_ReceiveData                        0x08002925   Thumb Code    10  stm32f10x_usart.o(.text)
    USART_SendBreak                          0x0800292f   Thumb Code    10  stm32f10x_usart.o(.text)
    USART_SetGuardTime                       0x08002939   Thumb Code    16  stm32f10x_usart.o(.text)
    USART_SetPrescaler                       0x08002949   Thumb Code    16  stm32f10x_usart.o(.text)
    USART_SmartCardCmd                       0x08002959   Thumb Code    24  stm32f10x_usart.o(.text)
    USART_SmartCardNACKCmd                   0x08002971   Thumb Code    24  stm32f10x_usart.o(.text)
    USART_HalfDuplexCmd                      0x08002989   Thumb Code    24  stm32f10x_usart.o(.text)
    USART_OverSampling8Cmd                   0x080029a1   Thumb Code    22  stm32f10x_usart.o(.text)
    USART_OneBitMethodCmd                    0x080029b7   Thumb Code    24  stm32f10x_usart.o(.text)
    USART_IrDAConfig                         0x080029cf   Thumb Code    18  stm32f10x_usart.o(.text)
    USART_IrDACmd                            0x080029e1   Thumb Code    24  stm32f10x_usart.o(.text)
    USART_GetFlagStatus                      0x080029f9   Thumb Code    26  stm32f10x_usart.o(.text)
    USART_ClearFlag                          0x08002a13   Thumb Code    18  stm32f10x_usart.o(.text)
    USART_GetITStatus                        0x08002a25   Thumb Code    84  stm32f10x_usart.o(.text)
    USART_ClearITPendingBit                  0x08002a79   Thumb Code    52  stm32f10x_usart.o(.text)
    RCC_DeInit                               0x08002aad   Thumb Code    64  stm32f10x_rcc.o(.text)
    RCC_HSEConfig                            0x08002aed   Thumb Code    70  stm32f10x_rcc.o(.text)
    RCC_GetFlagStatus                        0x08002b33   Thumb Code    56  stm32f10x_rcc.o(.text)
    RCC_WaitForHSEStartUp                    0x08002b6b   Thumb Code    56  stm32f10x_rcc.o(.text)
    RCC_AdjustHSICalibrationValue            0x08002ba3   Thumb Code    20  stm32f10x_rcc.o(.text)
    RCC_HSICmd                               0x08002bb7   Thumb Code     6  stm32f10x_rcc.o(.text)
    RCC_PLLConfig                            0x08002bbd   Thumb Code    24  stm32f10x_rcc.o(.text)
    RCC_PLLCmd                               0x08002bd5   Thumb Code     6  stm32f10x_rcc.o(.text)
    RCC_SYSCLKConfig                         0x08002bdb   Thumb Code    18  stm32f10x_rcc.o(.text)
    RCC_GetSYSCLKSource                      0x08002bed   Thumb Code    10  stm32f10x_rcc.o(.text)
    RCC_HCLKConfig                           0x08002bf7   Thumb Code    18  stm32f10x_rcc.o(.text)
    RCC_PCLK1Config                          0x08002c09   Thumb Code    18  stm32f10x_rcc.o(.text)
    RCC_PCLK2Config                          0x08002c1b   Thumb Code    20  stm32f10x_rcc.o(.text)
    RCC_ITConfig                             0x08002c2f   Thumb Code    26  stm32f10x_rcc.o(.text)
    RCC_USBCLKConfig                         0x08002c49   Thumb Code     6  stm32f10x_rcc.o(.text)
    RCC_ADCCLKConfig                         0x08002c4f   Thumb Code    18  stm32f10x_rcc.o(.text)
    RCC_LSEConfig                            0x08002c61   Thumb Code    44  stm32f10x_rcc.o(.text)
    RCC_LSICmd                               0x08002c8d   Thumb Code     6  stm32f10x_rcc.o(.text)
    RCC_RTCCLKConfig                         0x08002c93   Thumb Code    12  stm32f10x_rcc.o(.text)
    RCC_RTCCLKCmd                            0x08002c9f   Thumb Code     8  stm32f10x_rcc.o(.text)
    RCC_GetClocksFreq                        0x08002ca7   Thumb Code   192  stm32f10x_rcc.o(.text)
    RCC_AHBPeriphClockCmd                    0x08002d67   Thumb Code    26  stm32f10x_rcc.o(.text)
    RCC_APB2PeriphClockCmd                   0x08002d81   Thumb Code    26  stm32f10x_rcc.o(.text)
    RCC_APB1PeriphClockCmd                   0x08002d9b   Thumb Code    26  stm32f10x_rcc.o(.text)
    RCC_APB2PeriphResetCmd                   0x08002db5   Thumb Code    26  stm32f10x_rcc.o(.text)
    RCC_APB1PeriphResetCmd                   0x08002dcf   Thumb Code    26  stm32f10x_rcc.o(.text)
    RCC_BackupResetCmd                       0x08002de9   Thumb Code     8  stm32f10x_rcc.o(.text)
    RCC_ClockSecuritySystemCmd               0x08002df1   Thumb Code     6  stm32f10x_rcc.o(.text)
    RCC_MCOConfig                            0x08002df7   Thumb Code     6  stm32f10x_rcc.o(.text)
    RCC_ClearFlag                            0x08002dfd   Thumb Code    14  stm32f10x_rcc.o(.text)
    RCC_GetITStatus                          0x08002e0b   Thumb Code    20  stm32f10x_rcc.o(.text)
    RCC_ClearITPendingBit                    0x08002e1f   Thumb Code     6  stm32f10x_rcc.o(.text)
    TIM_DeInit                               0x08002e51   Thumb Code   424  stm32f10x_tim.o(.text)
    TIM_TimeBaseInit                         0x08002ff9   Thumb Code   122  stm32f10x_tim.o(.text)
    TIM_OC1Init                              0x08003073   Thumb Code   132  stm32f10x_tim.o(.text)
    TIM_OC2Init                              0x080030f7   Thumb Code   154  stm32f10x_tim.o(.text)
    TIM_OC3Init                              0x08003191   Thumb Code   150  stm32f10x_tim.o(.text)
    TIM_OC4Init                              0x08003227   Thumb Code   182  stm32f10x_tim.o(.text)
    TIM_SetIC4Prescaler                      0x080032dd   Thumb Code    26  stm32f10x_tim.o(.text)
    TIM_SetIC3Prescaler                      0x08003379   Thumb Code    18  stm32f10x_tim.o(.text)
    TIM_SetIC2Prescaler                      0x08003405   Thumb Code    26  stm32f10x_tim.o(.text)
    TIM_SetIC1Prescaler                      0x080034a1   Thumb Code    18  stm32f10x_tim.o(.text)
    TIM_ICInit                               0x0800351f   Thumb Code   150  stm32f10x_tim.o(.text)
    TIM_PWMIConfig                           0x080035b5   Thumb Code   124  stm32f10x_tim.o(.text)
    TIM_BDTRConfig                           0x08003631   Thumb Code    32  stm32f10x_tim.o(.text)
    TIM_TimeBaseStructInit                   0x08003651   Thumb Code    18  stm32f10x_tim.o(.text)
    TIM_OCStructInit                         0x08003663   Thumb Code    20  stm32f10x_tim.o(.text)
    TIM_ICStructInit                         0x08003677   Thumb Code    18  stm32f10x_tim.o(.text)
    TIM_BDTRStructInit                       0x08003689   Thumb Code    40  stm32f10x_tim.o(.text)
    TIM_Cmd                                  0x080036b1   Thumb Code    24  stm32f10x_tim.o(.text)
    TIM_CtrlPWMOutputs                       0x080036c9   Thumb Code    30  stm32f10x_tim.o(.text)
    TIM_ITConfig                             0x080036e7   Thumb Code    18  stm32f10x_tim.o(.text)
    TIM_GenerateEvent                        0x080036f9   Thumb Code     4  stm32f10x_tim.o(.text)
    TIM_DMAConfig                            0x080036fd   Thumb Code    10  stm32f10x_tim.o(.text)
    TIM_DMACmd                               0x08003707   Thumb Code    18  stm32f10x_tim.o(.text)
    TIM_InternalClockConfig                  0x08003719   Thumb Code    12  stm32f10x_tim.o(.text)
    TIM_SelectInputTrigger                   0x08003725   Thumb Code    18  stm32f10x_tim.o(.text)
    TIM_ITRxExternalClockConfig              0x08003737   Thumb Code    24  stm32f10x_tim.o(.text)
    TIM_TIxExternalClockConfig               0x0800374f   Thumb Code    62  stm32f10x_tim.o(.text)
    TIM_ETRConfig                            0x0800378d   Thumb Code    28  stm32f10x_tim.o(.text)
    TIM_ETRClockMode1Config                  0x080037a9   Thumb Code    54  stm32f10x_tim.o(.text)
    TIM_ETRClockMode2Config                  0x080037df   Thumb Code    32  stm32f10x_tim.o(.text)
    TIM_PrescalerConfig                      0x080037ff   Thumb Code     6  stm32f10x_tim.o(.text)
    TIM_CounterModeConfig                    0x08003805   Thumb Code    18  stm32f10x_tim.o(.text)
    TIM_EncoderInterfaceConfig               0x08003817   Thumb Code    66  stm32f10x_tim.o(.text)
    TIM_ForcedOC1Config                      0x08003859   Thumb Code    18  stm32f10x_tim.o(.text)
    TIM_ForcedOC2Config                      0x0800386b   Thumb Code    26  stm32f10x_tim.o(.text)
    TIM_ForcedOC3Config                      0x08003885   Thumb Code    18  stm32f10x_tim.o(.text)
    TIM_ForcedOC4Config                      0x08003897   Thumb Code    26  stm32f10x_tim.o(.text)
    TIM_ARRPreloadConfig                     0x080038b1   Thumb Code    24  stm32f10x_tim.o(.text)
    TIM_SelectCOM                            0x080038c9   Thumb Code    24  stm32f10x_tim.o(.text)
    TIM_SelectCCDMA                          0x080038e1   Thumb Code    24  stm32f10x_tim.o(.text)
    TIM_CCPreloadControl                     0x080038f9   Thumb Code    24  stm32f10x_tim.o(.text)
    TIM_OC1PreloadConfig                     0x08003911   Thumb Code    18  stm32f10x_tim.o(.text)
    TIM_OC2PreloadConfig                     0x08003923   Thumb Code    26  stm32f10x_tim.o(.text)
    TIM_OC3PreloadConfig                     0x0800393d   Thumb Code    18  stm32f10x_tim.o(.text)
    TIM_OC4PreloadConfig                     0x0800394f   Thumb Code    26  stm32f10x_tim.o(.text)
    TIM_OC1FastConfig                        0x08003969   Thumb Code    18  stm32f10x_tim.o(.text)
    TIM_OC2FastConfig                        0x0800397b   Thumb Code    26  stm32f10x_tim.o(.text)
    TIM_OC3FastConfig                        0x08003995   Thumb Code    18  stm32f10x_tim.o(.text)
    TIM_OC4FastConfig                        0x080039a7   Thumb Code    26  stm32f10x_tim.o(.text)
    TIM_ClearOC1Ref                          0x080039c1   Thumb Code    18  stm32f10x_tim.o(.text)
    TIM_ClearOC2Ref                          0x080039d3   Thumb Code    24  stm32f10x_tim.o(.text)
    TIM_ClearOC3Ref                          0x080039eb   Thumb Code    18  stm32f10x_tim.o(.text)
    TIM_ClearOC4Ref                          0x080039fd   Thumb Code    24  stm32f10x_tim.o(.text)
    TIM_OC1PolarityConfig                    0x08003a15   Thumb Code    18  stm32f10x_tim.o(.text)
    TIM_OC1NPolarityConfig                   0x08003a27   Thumb Code    18  stm32f10x_tim.o(.text)
    TIM_OC2PolarityConfig                    0x08003a39   Thumb Code    26  stm32f10x_tim.o(.text)
    TIM_OC2NPolarityConfig                   0x08003a53   Thumb Code    26  stm32f10x_tim.o(.text)
    TIM_OC3PolarityConfig                    0x08003a6d   Thumb Code    26  stm32f10x_tim.o(.text)
    TIM_OC3NPolarityConfig                   0x08003a87   Thumb Code    26  stm32f10x_tim.o(.text)
    TIM_OC4PolarityConfig                    0x08003aa1   Thumb Code    26  stm32f10x_tim.o(.text)
    TIM_CCxCmd                               0x08003abb   Thumb Code    30  stm32f10x_tim.o(.text)
    TIM_CCxNCmd                              0x08003ad9   Thumb Code    30  stm32f10x_tim.o(.text)
    TIM_SelectOCxM                           0x08003af7   Thumb Code    82  stm32f10x_tim.o(.text)
    TIM_UpdateDisableConfig                  0x08003b49   Thumb Code    24  stm32f10x_tim.o(.text)
    TIM_UpdateRequestConfig                  0x08003b61   Thumb Code    24  stm32f10x_tim.o(.text)
    TIM_SelectHallSensor                     0x08003b79   Thumb Code    24  stm32f10x_tim.o(.text)
    TIM_SelectOnePulseMode                   0x08003b91   Thumb Code    18  stm32f10x_tim.o(.text)
    TIM_SelectOutputTrigger                  0x08003ba3   Thumb Code    18  stm32f10x_tim.o(.text)
    TIM_SelectSlaveMode                      0x08003bb5   Thumb Code    18  stm32f10x_tim.o(.text)
    TIM_SelectMasterSlaveMode                0x08003bc7   Thumb Code    18  stm32f10x_tim.o(.text)
    TIM_SetCounter                           0x08003bd9   Thumb Code     4  stm32f10x_tim.o(.text)
    TIM_SetAutoreload                        0x08003bdd   Thumb Code     4  stm32f10x_tim.o(.text)
    TIM_SetCompare1                          0x08003be1   Thumb Code     4  stm32f10x_tim.o(.text)
    TIM_SetCompare2                          0x08003be5   Thumb Code     4  stm32f10x_tim.o(.text)
    TIM_SetCompare3                          0x08003be9   Thumb Code     4  stm32f10x_tim.o(.text)
    TIM_SetCompare4                          0x08003bed   Thumb Code     6  stm32f10x_tim.o(.text)
    TIM_SetClockDivision                     0x08003bf3   Thumb Code    18  stm32f10x_tim.o(.text)
    TIM_GetCapture1                          0x08003c05   Thumb Code     6  stm32f10x_tim.o(.text)
    TIM_GetCapture2                          0x08003c0b   Thumb Code     6  stm32f10x_tim.o(.text)
    TIM_GetCapture3                          0x08003c11   Thumb Code     6  stm32f10x_tim.o(.text)
    TIM_GetCapture4                          0x08003c17   Thumb Code     8  stm32f10x_tim.o(.text)
    TIM_GetCounter                           0x08003c1f   Thumb Code     6  stm32f10x_tim.o(.text)
    TIM_GetPrescaler                         0x08003c25   Thumb Code     6  stm32f10x_tim.o(.text)
    TIM_GetFlagStatus                        0x08003c2b   Thumb Code    18  stm32f10x_tim.o(.text)
    TIM_ClearFlag                            0x08003c3d   Thumb Code     6  stm32f10x_tim.o(.text)
    TIM_GetITStatus                          0x08003c43   Thumb Code    34  stm32f10x_tim.o(.text)
    TIM_ClearITPendingBit                    0x08003c65   Thumb Code     6  stm32f10x_tim.o(.text)
    DMA_DeInit                               0x08003c6d   Thumb Code   324  stm32f10x_dma.o(.text)
    DMA_Init                                 0x08003db1   Thumb Code    60  stm32f10x_dma.o(.text)
    DMA_StructInit                           0x08003ded   Thumb Code    26  stm32f10x_dma.o(.text)
    DMA_Cmd                                  0x08003e07   Thumb Code    24  stm32f10x_dma.o(.text)
    DMA_ITConfig                             0x08003e1f   Thumb Code    18  stm32f10x_dma.o(.text)
    DMA_SetCurrDataCounter                   0x08003e31   Thumb Code     4  stm32f10x_dma.o(.text)
    DMA_GetCurrDataCounter                   0x08003e35   Thumb Code     8  stm32f10x_dma.o(.text)
    DMA_GetFlagStatus                        0x08003e3d   Thumb Code    38  stm32f10x_dma.o(.text)
    DMA_ClearFlag                            0x08003e63   Thumb Code    22  stm32f10x_dma.o(.text)
    DMA_GetITStatus                          0x08003e79   Thumb Code    38  stm32f10x_dma.o(.text)
    DMA_ClearITPendingBit                    0x08003e9f   Thumb Code    22  stm32f10x_dma.o(.text)
    BKP_DeInit                               0x08003ebd   Thumb Code    16  stm32f10x_bkp.o(.text)
    BKP_TamperPinLevelConfig                 0x08003ecd   Thumb Code     6  stm32f10x_bkp.o(.text)
    BKP_TamperPinCmd                         0x08003ed3   Thumb Code     8  stm32f10x_bkp.o(.text)
    BKP_ITConfig                             0x08003edb   Thumb Code     8  stm32f10x_bkp.o(.text)
    BKP_RTCOutputConfig                      0x08003ee3   Thumb Code    22  stm32f10x_bkp.o(.text)
    BKP_SetRTCCalibrationValue               0x08003ef9   Thumb Code    22  stm32f10x_bkp.o(.text)
    BKP_WriteBackupRegister                  0x08003f0f   Thumb Code    24  stm32f10x_bkp.o(.text)
    BKP_ReadBackupRegister                   0x08003f27   Thumb Code    26  stm32f10x_bkp.o(.text)
    BKP_GetFlagStatus                        0x08003f41   Thumb Code    10  stm32f10x_bkp.o(.text)
    BKP_ClearFlag                            0x08003f4b   Thumb Code    18  stm32f10x_bkp.o(.text)
    BKP_GetITStatus                          0x08003f5d   Thumb Code    10  stm32f10x_bkp.o(.text)
    BKP_ClearITPendingBit                    0x08003f67   Thumb Code    18  stm32f10x_bkp.o(.text)
    PWR_DeInit                               0x08003f81   Thumb Code    22  stm32f10x_pwr.o(.text)
    PWR_BackupAccessCmd                      0x08003f97   Thumb Code     6  stm32f10x_pwr.o(.text)
    PWR_PVDCmd                               0x08003f9d   Thumb Code     6  stm32f10x_pwr.o(.text)
    PWR_PVDLevelConfig                       0x08003fa3   Thumb Code    18  stm32f10x_pwr.o(.text)
    PWR_WakeUpPinCmd                         0x08003fb5   Thumb Code     6  stm32f10x_pwr.o(.text)
    PWR_EnterSTOPMode                        0x08003fbb   Thumb Code    54  stm32f10x_pwr.o(.text)
    PWR_EnterSTANDBYMode                     0x08003ff1   Thumb Code    42  stm32f10x_pwr.o(.text)
    PWR_GetFlagStatus                        0x0800401b   Thumb Code    20  stm32f10x_pwr.o(.text)
    PWR_ClearFlag                            0x0800402f   Thumb Code    14  stm32f10x_pwr.o(.text)
    RTC_ITConfig                             0x0800404d   Thumb Code    26  stm32f10x_rtc.o(.text)
    RTC_EnterConfigMode                      0x08004067   Thumb Code    18  stm32f10x_rtc.o(.text)
    RTC_ExitConfigMode                       0x08004079   Thumb Code    20  stm32f10x_rtc.o(.text)
    RTC_GetCounter                           0x0800408d   Thumb Code    18  stm32f10x_rtc.o(.text)
    RTC_SetCounter                           0x0800409f   Thumb Code    26  stm32f10x_rtc.o(.text)
    RTC_SetPrescaler                         0x080040b9   Thumb Code    28  stm32f10x_rtc.o(.text)
    RTC_SetAlarm                             0x080040d5   Thumb Code    26  stm32f10x_rtc.o(.text)
    RTC_GetDivider                           0x080040ef   Thumb Code    22  stm32f10x_rtc.o(.text)
    RTC_WaitForLastTask                      0x08004105   Thumb Code    16  stm32f10x_rtc.o(.text)
    RTC_WaitForSynchro                       0x08004115   Thumb Code    34  stm32f10x_rtc.o(.text)
    RTC_GetFlagStatus                        0x08004137   Thumb Code    22  stm32f10x_rtc.o(.text)
    RTC_ClearFlag                            0x0800414d   Thumb Code    16  stm32f10x_rtc.o(.text)
    RTC_GetITStatus                          0x0800415d   Thumb Code    32  stm32f10x_rtc.o(.text)
    RTC_ClearITPendingBit                    0x0800417d   Thumb Code    16  stm32f10x_rtc.o(.text)
    usmart_sys_cmd_exe                       0x08004191   Thumb Code  1554  usmart.o(.text)
    usmart_reset_runtime                     0x080047a3   Thumb Code    34  usmart.o(.text)
    usmart_get_runtime                       0x080047c5   Thumb Code    58  usmart.o(.text)
    TIM2_IRQHandler                          0x080047ff   Thumb Code    52  usmart.o(.text)
    Timer2_Init                              0x08004833   Thumb Code    90  usmart.o(.text)
    usmart_init                              0x0800488d   Thumb Code    36  usmart.o(.text)
    usmart_cmd_rec                           0x080048b1   Thumb Code   170  usmart.o(.text)
    usmart_exe                               0x0800495b   Thumb Code   864  usmart.o(.text)
    usmart_scan                              0x08004cbb   Thumb Code   118  usmart.o(.text)
    read_addr                                0x08004d31   Thumb Code     6  usmart.o(.text)
    write_addr                               0x08004d37   Thumb Code     4  usmart.o(.text)
    usmart_strcmp                            0x08004dc5   Thumb Code    34  usmart_str.o(.text)
    usmart_strcopy                           0x08004de7   Thumb Code    22  usmart_str.o(.text)
    usmart_strlen                            0x08004dfd   Thumb Code    24  usmart_str.o(.text)
    usmart_pow                               0x08004e15   Thumb Code    22  usmart_str.o(.text)
    usmart_str2num                           0x08004e2b   Thumb Code   202  usmart_str.o(.text)
    usmart_get_cmdname                       0x08004ef5   Thumb Code    54  usmart_str.o(.text)
    usmart_search_nextc                      0x08004f2b   Thumb Code    22  usmart_str.o(.text)
    usmart_get_fname                         0x08004f41   Thumb Code   440  usmart_str.o(.text)
    usmart_get_aparm                         0x080050f9   Thumb Code   200  usmart_str.o(.text)
    usmart_get_parmpos                       0x080051c1   Thumb Code    26  usmart_str.o(.text)
    usmart_get_fparam                        0x080051db   Thumb Code   262  usmart_str.o(.text)
    __use_no_semihosting                     0x080052ed   Thumb Code     2  use_no_semi_2.o(.text)
    __c89vsprintf                            0x080052f1   Thumb Code    32  c89vsprintf.o(.text)
    __2printf                                0x08005315   Thumb Code    20  __2printf.o(.text)
    _printf_pre_padding                      0x0800532d   Thumb Code    46  _printf_pad.o(.text)
    _printf_post_padding                     0x0800535b   Thumb Code    36  _printf_pad.o(.text)
    _printf_str                              0x0800537f   Thumb Code    82  _printf_str.o(.text)
    _printf_int_dec                          0x080053d1   Thumb Code   102  _printf_dec.o(.text)
    _printf_longlong_hex                     0x08005449   Thumb Code    92  _printf_hex_int_ll_ptr.o(.text)
    _printf_int_hex                          0x080054a5   Thumb Code    28  _printf_hex_int_ll_ptr.o(.text)
    _printf_ll_hex                           0x080054c1   Thumb Code    12  _printf_hex_int_ll_ptr.o(.text)
    _printf_hex_ptr                          0x080054cd   Thumb Code    18  _printf_hex_int_ll_ptr.o(.text)
    __printf                                 0x080054e5   Thumb Code   390  __printf_flags_ss_wp.o(.text)
    strlen                                   0x08005671   Thumb Code    62  strlen.o(.text)
    __use_two_region_memory                  0x080056af   Thumb Code     2  heapauxi.o(.text)
    __rt_heap_escrow$2region                 0x080056b1   Thumb Code     2  heapauxi.o(.text)
    __rt_heap_expand$2region                 0x080056b3   Thumb Code     2  heapauxi.o(.text)
    __I$use$semihosting                      0x080056b5   Thumb Code     0  use_no_semi.o(.text)
    __use_no_semihosting_swi                 0x080056b5   Thumb Code     2  use_no_semi.o(.text)
    _printf_truncate_signed                  0x080056b7   Thumb Code    18  _printf_truncate.o(.text)
    _printf_truncate_unsigned                0x080056c9   Thumb Code    18  _printf_truncate.o(.text)
    _printf_int_common                       0x080056db   Thumb Code   184  _printf_intcommon.o(.text)
    _printf_charcount                        0x08005793   Thumb Code    42  _printf_charcount.o(.text)
    _printf_char_common                      0x080057c7   Thumb Code    32  _printf_char_common.o(.text)
    _sputc                                   0x080057ed   Thumb Code    10  _sputc.o(.text)
    _printf_cs_common                        0x080057f7   Thumb Code    20  _printf_char.o(.text)
    _printf_char                             0x0800580b   Thumb Code    16  _printf_char.o(.text)
    _printf_string                           0x0800581b   Thumb Code     8  _printf_char.o(.text)
    _printf_char_file                        0x08005825   Thumb Code    32  _printf_char_file.o(.text)
    _printf_wctomb                           0x08005849   Thumb Code   182  _printf_wctomb.o(.text)
    _printf_longlong_dec                     0x08005905   Thumb Code   104  _printf_longlong_dec.o(.text)
    _printf_longlong_oct                     0x0800597d   Thumb Code    76  _printf_oct_int_ll.o(.text)
    _printf_int_oct                          0x080059c9   Thumb Code    24  _printf_oct_int_ll.o(.text)
    _printf_ll_oct                           0x080059e1   Thumb Code    12  _printf_oct_int_ll.o(.text)
    _ll_udiv10                               0x080059f5   Thumb Code   138  lludiv10.o(.text)
    __lib_sel_fp_printf                      0x08005a7f   Thumb Code     2  _printf_fp_dec.o(.text)
    _printf_fp_dec_real                      0x08005c2b   Thumb Code   628  _printf_fp_dec.o(.text)
    _printf_lcs_common                       0x08005e9f   Thumb Code    20  _printf_wchar.o(.text)
    _printf_wchar                            0x08005eb3   Thumb Code    16  _printf_wchar.o(.text)
    _printf_wstring                          0x08005ec3   Thumb Code     8  _printf_wchar.o(.text)
    ferror                                   0x08005ecb   Thumb Code     8  ferror.o(.text)
    _wcrtomb                                 0x08005ed3   Thumb Code    64  _wcrtomb.o(.text)
    __user_setup_stackheap                   0x08005f13   Thumb Code    74  sys_stackheap_outer.o(.text)
    __rt_ctype_table                         0x08005f5d   Thumb Code    16  rt_ctype_table.o(.text)
    __rt_locale                              0x08005f6d   Thumb Code     8  rt_locale_intlibspace.o(.text)
    _printf_fp_infnan                        0x08005f75   Thumb Code   112  _printf_fp_infnan.o(.text)
    _btod_etento                             0x08005ff5   Thumb Code   222  bigflt0.o(.text)
    exit                                     0x080060d9   Thumb Code    12  exit.o(.text)
    __user_libspace                          0x080060e5   Thumb Code     8  libspace.o(.text)
    __user_perproc_libspace                  0x080060e5   Thumb Code     0  libspace.o(.text)
    __user_perthread_libspace                0x080060e5   Thumb Code     0  libspace.o(.text)
    strcmp                                   0x080060ed   Thumb Code   128  strcmpv7m.o(.text)
    _btod_d2e                                0x0800616d   Thumb Code    62  btod.o(CL$$btod_d2e)
    _d2e_denorm_low                          0x080061ab   Thumb Code    70  btod.o(CL$$btod_d2e_denorm_low)
    _d2e_norm_op1                            0x080061f1   Thumb Code    96  btod.o(CL$$btod_d2e_norm_op1)
    __btod_div_common                        0x08006251   Thumb Code   696  btod.o(CL$$btod_div_common)
    _e2e                                     0x08006589   Thumb Code   198  btod.o(CL$$btod_e2e)
    _btod_ediv                               0x0800664f   Thumb Code    40  btod.o(CL$$btod_ediv)
    _btod_emul                               0x08006677   Thumb Code    40  btod.o(CL$$btod_emul)
    __btod_mult_common                       0x0800669f   Thumb Code   580  btod.o(CL$$btod_mult_common)
    __ARM_fpclassify                         0x080068e3   Thumb Code    40  fpclassify.o(i.__ARM_fpclassify)
    _is_digit                                0x0800690b   Thumb Code    14  __printf_wp.o(i._is_digit)
    _get_lc_numeric                          0x08006919   Thumb Code    44  lc_numeric_c.o(locale$$code)
    _get_lc_ctype                            0x08006945   Thumb Code    44  lc_ctype_c.o(locale$$code)
    __aeabi_d2f                              0x08006971   Thumb Code     0  d2f.o(x$fpl$d2f)
    _d2f                                     0x08006971   Thumb Code    98  d2f.o(x$fpl$d2f)
    __aeabi_dadd                             0x080069d5   Thumb Code     0  daddsub_clz.o(x$fpl$dadd)
    _dadd                                    0x080069d5   Thumb Code   332  daddsub_clz.o(x$fpl$dadd)
    __aeabi_ddiv                             0x08006b25   Thumb Code     0  ddiv.o(x$fpl$ddiv)
    _ddiv                                    0x08006b25   Thumb Code   552  ddiv.o(x$fpl$ddiv)
    __aeabi_dmul                             0x08006dd5   Thumb Code     0  dmul.o(x$fpl$dmul)
    _dmul                                    0x08006dd5   Thumb Code   332  dmul.o(x$fpl$dmul)
    __fpl_dnaninf                            0x08006f29   Thumb Code   156  dnaninf.o(x$fpl$dnaninf)
    __fpl_dretinf                            0x08006fc5   Thumb Code    12  dretinf.o(x$fpl$dretinf)
    __aeabi_drsub                            0x08006fd1   Thumb Code     0  daddsub_clz.o(x$fpl$drsb)
    _drsb                                    0x08006fd1   Thumb Code    22  daddsub_clz.o(x$fpl$drsb)
    __aeabi_dsub                             0x08006fe9   Thumb Code     0  daddsub_clz.o(x$fpl$dsub)
    _dsub                                    0x08006fe9   Thumb Code   464  daddsub_clz.o(x$fpl$dsub)
    __aeabi_f2d                              0x080071bd   Thumb Code     0  f2d.o(x$fpl$f2d)
    _f2d                                     0x080071bd   Thumb Code    86  f2d.o(x$fpl$f2d)
    __aeabi_f2uiz                            0x08007215   Thumb Code     0  ffixu.o(x$fpl$ffixu)
    _ffixu                                   0x08007215   Thumb Code    62  ffixu.o(x$fpl$ffixu)
    __aeabi_ui2f                             0x08007255   Thumb Code     0  fflt_clz.o(x$fpl$ffltu)
    _ffltu                                   0x08007255   Thumb Code    38  fflt_clz.o(x$fpl$ffltu)
    __fpl_fnaninf                            0x0800727b   Thumb Code   140  fnaninf.o(x$fpl$fnaninf)
    __fpl_fretinf                            0x08007307   Thumb Code    10  fretinf.o(x$fpl$fretinf)
    _printf_fp_dec                           0x08007311   Thumb Code     4  printf1.o(x$fpl$printf1)
    OLED_ASCII_1206                          0x08007314   Data        1140  oled.o(.constdata)
    __I$use$fp                               0x08007314   Number         0  usenofp.o(x$fpl$usenofp)
    OLED_ASCII_1608                          0x08007788   Data        1520  oled.o(.constdata)
    OLED_SPE_CHA_1206                        0x08007d78   Data          12  oled.o(.constdata)
    OLED_SPE_CHA_1608                        0x08007d84   Data          16  oled.o(.constdata)
    OLED_CHN_3216                            0x08007d94   Data         992  oled.o(.constdata)
    mon_table                                0x08008174   Data          12  rtc.o(.constdata)
    table_week                               0x08008180   Data          12  rtc.o(.constdata)
    Region$$Table$$Base                      0x08008328   Number         0  anon$$obj.o(Region$$Table)
    Region$$Table$$Limit                     0x08008348   Number         0  anon$$obj.o(Region$$Table)
    __ctype                                  0x08008371   Data           0  lc_ctype_c.o(locale$$data)
    QS                                       0x20000000   Data           1  main.o(.data)
    SystemCoreClock                          0x20000004   Data           4  system_stm32f10x.o(.data)
    AHBPrescTable                            0x20000008   Data          16  system_stm32f10x.o(.data)
    adcx_avg                                 0x20000018   Data           4  adc.o(.data)
    Data_Buffer                              0x20000020   Data           4  timer.o(.data)
    IBI                                      0x20000024   Data           2  timer.o(.data)
    Pulse                                    0x20000026   Data           1  timer.o(.data)
    sampleCounter                            0x20000028   Data           4  timer.o(.data)
    lastBeatTime                             0x2000002c   Data           4  timer.o(.data)
    Peak                                     0x20000030   Data           2  timer.o(.data)
    Trough                                   0x20000032   Data           2  timer.o(.data)
    thresh                                   0x20000034   Data           2  timer.o(.data)
    amp                                      0x20000036   Data           2  timer.o(.data)
    firstBeat                                0x20000038   Data           1  timer.o(.data)
    secondBeat                               0x20000039   Data           1  timer.o(.data)
    BPM                                      0x2000003a   Data           2  timer.o(.data)
    Signal                                   0x2000003c   Data           2  timer.o(.data)
    USART2_RX_STA                            0x2000003e   Data           2  usart2.o(.data)
    USART_RX_STA                             0x20000048   Data           2  usart.o(.data)
    __stdout                                 0x2000004c   Data           4  usart.o(.data)
    sys_cmd_tab                              0x20000064   Data          28  usmart.o(.data)
    usmart_nametab                           0x20000080   Data          40  usmart_config.o(.data)
    usmart_dev                               0x200000a8   Data         244  usmart_config.o(.data)
    adcx                                     0x2000019c   Data         200  adc.o(.bss)
    rate                                     0x20000264   Data          20  timer.o(.bss)
    OLED_GRAM                                0x20000278   Data        1024  oled.o(.bss)
    USART2_TX_BUF                            0x20000678   Data         200  usart2.o(.bss)
    USART2_RX_BUF                            0x20000740   Data         200  usart2.o(.bss)
    calendar                                 0x20000808   Data          10  rtc.o(.bss)
    USART_RX_BUF                             0x20000812   Data         200  usart.o(.bss)
    __libspace_start                         0x200008dc   Data          96  libspace.o(.bss)
    __temporary_stack_top$libspace           0x2000093c   Data           0  libspace.o(.bss)



==============================================================================

Memory Map of the image

  Image Entry point : 0x08000131

  Load Region LR_IROM1 (Base: 0x08000000, Size: 0x00008610, Max: 0x00080000, ABSOLUTE, COMPRESSED[0x000084ec])

    Execution Region ER_IROM1 (Base: 0x08000000, Size: 0x00008474, Max: 0x00080000, ABSOLUTE)

    Base Addr    Size         Type   Attr      Idx    E Section Name        Object

    0x08000000   0x00000130   Data   RO          404    RESET               startup_stm32f10x_hd.o
    0x08000130   0x00000008   Code   RO          657  * !!!main             c_w.l(__main.o)
    0x08000138   0x00000034   Code   RO          951    !!!scatter          c_w.l(__scatter.o)
    0x0800016c   0x0000005a   Code   RO          949    !!dczerorl2         c_w.l(__dczerorl2.o)
    0x080001c6   0x00000002   PAD
    0x080001c8   0x0000001c   Code   RO          953    !!handler_zi        c_w.l(__scatter_zi.o)
    0x080001e4   0x00000000   Code   RO          652    .ARM.Collect$$_printf_percent$$00000000  c_w.l(_printf_percent.o)
    0x080001e4   0x00000006   Code   RO          713    .ARM.Collect$$_printf_percent$$00000001  c_w.l(_printf_n.o)
    0x080001ea   0x00000006   Code   RO          714    .ARM.Collect$$_printf_percent$$00000002  c_w.l(_printf_p.o)
    0x080001f0   0x00000006   Code   RO          717    .ARM.Collect$$_printf_percent$$00000003  c_w.l(_printf_f.o)
    0x080001f6   0x00000006   Code   RO          718    .ARM.Collect$$_printf_percent$$00000004  c_w.l(_printf_e.o)
    0x080001fc   0x00000006   Code   RO          719    .ARM.Collect$$_printf_percent$$00000005  c_w.l(_printf_g.o)
    0x08000202   0x00000006   Code   RO          720    .ARM.Collect$$_printf_percent$$00000006  c_w.l(_printf_a.o)
    0x08000208   0x0000000a   Code   RO          725    .ARM.Collect$$_printf_percent$$00000007  c_w.l(_printf_ll.o)
    0x08000212   0x00000006   Code   RO          716    .ARM.Collect$$_printf_percent$$00000008  c_w.l(_printf_i.o)
    0x08000218   0x00000006   Code   RO          650    .ARM.Collect$$_printf_percent$$00000009  c_w.l(_printf_d.o)
    0x0800021e   0x00000006   Code   RO          651    .ARM.Collect$$_printf_percent$$0000000A  c_w.l(_printf_u.o)
    0x08000224   0x00000006   Code   RO          715    .ARM.Collect$$_printf_percent$$0000000B  c_w.l(_printf_o.o)
    0x0800022a   0x00000006   Code   RO          649    .ARM.Collect$$_printf_percent$$0000000C  c_w.l(_printf_x.o)
    0x08000230   0x00000006   Code   RO          722    .ARM.Collect$$_printf_percent$$0000000D  c_w.l(_printf_lli.o)
    0x08000236   0x00000006   Code   RO          723    .ARM.Collect$$_printf_percent$$0000000E  c_w.l(_printf_lld.o)
    0x0800023c   0x00000006   Code   RO          724    .ARM.Collect$$_printf_percent$$0000000F  c_w.l(_printf_llu.o)
    0x08000242   0x00000006   Code   RO          729    .ARM.Collect$$_printf_percent$$00000010  c_w.l(_printf_llo.o)
    0x08000248   0x00000006   Code   RO          730    .ARM.Collect$$_printf_percent$$00000011  c_w.l(_printf_llx.o)
    0x0800024e   0x0000000a   Code   RO          726    .ARM.Collect$$_printf_percent$$00000012  c_w.l(_printf_l.o)
    0x08000258   0x00000006   Code   RO          647    .ARM.Collect$$_printf_percent$$00000013  c_w.l(_printf_c.o)
    0x0800025e   0x00000006   Code   RO          648    .ARM.Collect$$_printf_percent$$00000014  c_w.l(_printf_s.o)
    0x08000264   0x00000006   Code   RO          727    .ARM.Collect$$_printf_percent$$00000015  c_w.l(_printf_lc.o)
    0x0800026a   0x00000006   Code   RO          728    .ARM.Collect$$_printf_percent$$00000016  c_w.l(_printf_ls.o)
    0x08000270   0x00000004   Code   RO          721    .ARM.Collect$$_printf_percent$$00000017  c_w.l(_printf_percent_end.o)
    0x08000274   0x00000002   Code   RO          817    .ARM.Collect$$libinit$$00000000  c_w.l(libinit.o)
    0x08000276   0x00000000   Code   RO          833    .ARM.Collect$$libinit$$00000002  c_w.l(libinit2.o)
    0x08000276   0x00000000   Code   RO          836    .ARM.Collect$$libinit$$00000008  c_w.l(libinit2.o)
    0x08000276   0x00000000   Code   RO          838    .ARM.Collect$$libinit$$0000000A  c_w.l(libinit2.o)
    0x08000276   0x00000000   Code   RO          840    .ARM.Collect$$libinit$$0000000C  c_w.l(libinit2.o)
    0x08000276   0x00000006   Code   RO          841    .ARM.Collect$$libinit$$0000000D  c_w.l(libinit2.o)
    0x0800027c   0x00000000   Code   RO          843    .ARM.Collect$$libinit$$0000000F  c_w.l(libinit2.o)
    0x0800027c   0x0000000c   Code   RO          844    .ARM.Collect$$libinit$$00000010  c_w.l(libinit2.o)
    0x08000288   0x00000000   Code   RO          845    .ARM.Collect$$libinit$$00000011  c_w.l(libinit2.o)
    0x08000288   0x00000000   Code   RO          847    .ARM.Collect$$libinit$$00000013  c_w.l(libinit2.o)
    0x08000288   0x0000000a   Code   RO          848    .ARM.Collect$$libinit$$00000014  c_w.l(libinit2.o)
    0x08000292   0x00000000   Code   RO          849    .ARM.Collect$$libinit$$00000015  c_w.l(libinit2.o)
    0x08000292   0x00000000   Code   RO          851    .ARM.Collect$$libinit$$00000017  c_w.l(libinit2.o)
    0x08000292   0x00000000   Code   RO          853    .ARM.Collect$$libinit$$00000019  c_w.l(libinit2.o)
    0x08000292   0x00000000   Code   RO          855    .ARM.Collect$$libinit$$0000001B  c_w.l(libinit2.o)
    0x08000292   0x00000000   Code   RO          857    .ARM.Collect$$libinit$$0000001D  c_w.l(libinit2.o)
    0x08000292   0x00000000   Code   RO          859    .ARM.Collect$$libinit$$0000001F  c_w.l(libinit2.o)
    0x08000292   0x00000000   Code   RO          861    .ARM.Collect$$libinit$$00000021  c_w.l(libinit2.o)
    0x08000292   0x00000000   Code   RO          863    .ARM.Collect$$libinit$$00000023  c_w.l(libinit2.o)
    0x08000292   0x00000000   Code   RO          867    .ARM.Collect$$libinit$$0000002A  c_w.l(libinit2.o)
    0x08000292   0x00000000   Code   RO          869    .ARM.Collect$$libinit$$0000002C  c_w.l(libinit2.o)
    0x08000292   0x00000000   Code   RO          871    .ARM.Collect$$libinit$$0000002E  c_w.l(libinit2.o)
    0x08000292   0x00000000   Code   RO          873    .ARM.Collect$$libinit$$00000030  c_w.l(libinit2.o)
    0x08000292   0x00000002   Code   RO          874    .ARM.Collect$$libinit$$00000031  c_w.l(libinit2.o)
    0x08000294   0x00000002   Code   RO          892    .ARM.Collect$$libshutdown$$00000000  c_w.l(libshutdown.o)
    0x08000296   0x00000000   Code   RO          903    .ARM.Collect$$libshutdown$$00000003  c_w.l(libshutdown2.o)
    0x08000296   0x00000000   Code   RO          906    .ARM.Collect$$libshutdown$$00000006  c_w.l(libshutdown2.o)
    0x08000296   0x00000000   Code   RO          909    .ARM.Collect$$libshutdown$$00000009  c_w.l(libshutdown2.o)
    0x08000296   0x00000000   Code   RO          911    .ARM.Collect$$libshutdown$$0000000B  c_w.l(libshutdown2.o)
    0x08000296   0x00000000   Code   RO          914    .ARM.Collect$$libshutdown$$0000000E  c_w.l(libshutdown2.o)
    0x08000296   0x00000002   Code   RO          915    .ARM.Collect$$libshutdown$$0000000F  c_w.l(libshutdown2.o)
    0x08000298   0x00000000   Code   RO          687    .ARM.Collect$$rtentry$$00000000  c_w.l(rtentry.o)
    0x08000298   0x00000000   Code   RO          743    .ARM.Collect$$rtentry$$00000002  c_w.l(rtentry2.o)
    0x08000298   0x00000006   Code   RO          755    .ARM.Collect$$rtentry$$00000004  c_w.l(rtentry4.o)
    0x0800029e   0x00000000   Code   RO          745    .ARM.Collect$$rtentry$$00000009  c_w.l(rtentry2.o)
    0x0800029e   0x00000004   Code   RO          746    .ARM.Collect$$rtentry$$0000000A  c_w.l(rtentry2.o)
    0x080002a2   0x00000000   Code   RO          748    .ARM.Collect$$rtentry$$0000000C  c_w.l(rtentry2.o)
    0x080002a2   0x00000008   Code   RO          749    .ARM.Collect$$rtentry$$0000000D  c_w.l(rtentry2.o)
    0x080002aa   0x00000002   Code   RO          825    .ARM.Collect$$rtexit$$00000000  c_w.l(rtexit.o)
    0x080002ac   0x00000000   Code   RO          876    .ARM.Collect$$rtexit$$00000002  c_w.l(rtexit2.o)
    0x080002ac   0x00000004   Code   RO          877    .ARM.Collect$$rtexit$$00000003  c_w.l(rtexit2.o)
    0x080002b0   0x00000006   Code   RO          878    .ARM.Collect$$rtexit$$00000004  c_w.l(rtexit2.o)
    0x080002b6   0x00000002   PAD
    0x080002b8   0x0000053c   Code   RO            1    .text               main.o
    0x080007f4   0x0000001a   Code   RO          134    .text               stm32f10x_it.o
    0x0800080e   0x00000002   PAD
    0x08000810   0x000001dc   Code   RO          169    .text               system_stm32f10x.o
    0x080009ec   0x000000f4   Code   RO          187    .text               adc.o
    0x08000ae0   0x000000fc   Code   RO          203    .text               key.o
    0x08000bdc   0x0000004c   Code   RO          216    .text               led.o
    0x08000c28   0x000002fc   Code   RO          228    .text               timer.o
    0x08000f24   0x000005a0   Code   RO          245    .text               oled.o
    0x080014c4   0x00000278   Code   RO          279    .text               usart2.o
    0x0800173c   0x00000380   Code   RO          298    .text               rtc.o
    0x08001abc   0x00000098   Code   RO          318    .text               tsensor.o
    0x08001b54   0x0000006c   Code   RO          330    .text               dma.o
    0x08001bc0   0x000000d0   Code   RO          342    .text               delay.o
    0x08001c90   0x0000000c   Code   RO          356    .text               sys.o
    0x08001c9c   0x00000144   Code   RO          368    .text               usart.o
    0x08001de0   0x00000040   Code   RO          405    .text               startup_stm32f10x_hd.o
    0x08001e20   0x000000dc   Code   RO          409    .text               misc.o
    0x08001efc   0x0000044e   Code   RO          421    .text               stm32f10x_adc.o
    0x0800234a   0x00000002   PAD
    0x0800234c   0x00000358   Code   RO          445    .text               stm32f10x_gpio.o
    0x080026a4   0x00000408   Code   RO          457    .text               stm32f10x_usart.o
    0x08002aac   0x000003a4   Code   RO          469    .text               stm32f10x_rcc.o
    0x08002e50   0x00000e1a   Code   RO          483    .text               stm32f10x_tim.o
    0x08003c6a   0x00000002   PAD
    0x08003c6c   0x00000250   Code   RO          495    .text               stm32f10x_dma.o
    0x08003ebc   0x000000c4   Code   RO          507    .text               stm32f10x_bkp.o
    0x08003f80   0x000000cc   Code   RO          519    .text               stm32f10x_pwr.o
    0x0800404c   0x00000144   Code   RO          531    .text               stm32f10x_rtc.o
    0x08004190   0x00000c34   Code   RO          543    .text               usmart.o
    0x08004dc4   0x00000528   Code   RO          576    .text               usmart_str.o
    0x080052ec   0x00000002   Code   RO          590    .text               c_w.l(use_no_semi_2.o)
    0x080052ee   0x00000002   PAD
    0x080052f0   0x00000024   Code   RO          592    .text               c_w.l(c89vsprintf.o)
    0x08005314   0x00000018   Code   RO          594    .text               c_w.l(__2printf.o)
    0x0800532c   0x00000052   Code   RO          600    .text               c_w.l(_printf_pad.o)
    0x0800537e   0x00000052   Code   RO          602    .text               c_w.l(_printf_str.o)
    0x080053d0   0x00000078   Code   RO          604    .text               c_w.l(_printf_dec.o)
    0x08005448   0x0000009c   Code   RO          624    .text               c_w.l(_printf_hex_int_ll_ptr.o)
    0x080054e4   0x0000018c   Code   RO          644    .text               c_w.l(__printf_flags_ss_wp.o)
    0x08005670   0x0000003e   Code   RO          653    .text               c_w.l(strlen.o)
    0x080056ae   0x00000006   Code   RO          655    .text               c_w.l(heapauxi.o)
    0x080056b4   0x00000002   Code   RO          685    .text               c_w.l(use_no_semi.o)
    0x080056b6   0x00000024   Code   RO          688    .text               c_w.l(_printf_truncate.o)
    0x080056da   0x000000b8   Code   RO          690    .text               c_w.l(_printf_intcommon.o)
    0x08005792   0x0000002a   Code   RO          692    .text               c_w.l(_printf_charcount.o)
    0x080057bc   0x00000030   Code   RO          694    .text               c_w.l(_printf_char_common.o)
    0x080057ec   0x0000000a   Code   RO          696    .text               c_w.l(_sputc.o)
    0x080057f6   0x0000002c   Code   RO          698    .text               c_w.l(_printf_char.o)
    0x08005822   0x00000002   PAD
    0x08005824   0x00000024   Code   RO          700    .text               c_w.l(_printf_char_file.o)
    0x08005848   0x000000bc   Code   RO          702    .text               c_w.l(_printf_wctomb.o)
    0x08005904   0x00000078   Code   RO          705    .text               c_w.l(_printf_longlong_dec.o)
    0x0800597c   0x00000078   Code   RO          711    .text               c_w.l(_printf_oct_int_ll.o)
    0x080059f4   0x0000008a   Code   RO          757    .text               c_w.l(lludiv10.o)
    0x08005a7e   0x00000420   Code   RO          759    .text               c_w.l(_printf_fp_dec.o)
    0x08005e9e   0x0000002c   Code   RO          763    .text               c_w.l(_printf_wchar.o)
    0x08005eca   0x00000008   Code   RO          765    .text               c_w.l(ferror.o)
    0x08005ed2   0x00000040   Code   RO          769    .text               c_w.l(_wcrtomb.o)
    0x08005f12   0x0000004a   Code   RO          771    .text               c_w.l(sys_stackheap_outer.o)
    0x08005f5c   0x00000010   Code   RO          773    .text               c_w.l(rt_ctype_table.o)
    0x08005f6c   0x00000008   Code   RO          778    .text               c_w.l(rt_locale_intlibspace.o)
    0x08005f74   0x00000080   Code   RO          780    .text               c_w.l(_printf_fp_infnan.o)
    0x08005ff4   0x000000e4   Code   RO          782    .text               c_w.l(bigflt0.o)
    0x080060d8   0x0000000c   Code   RO          810    .text               c_w.l(exit.o)
    0x080060e4   0x00000008   Code   RO          822    .text               c_w.l(libspace.o)
    0x080060ec   0x00000080   Code   RO          830    .text               c_w.l(strcmpv7m.o)
    0x0800616c   0x0000003e   Code   RO          785    CL$$btod_d2e        c_w.l(btod.o)
    0x080061aa   0x00000046   Code   RO          787    CL$$btod_d2e_denorm_low  c_w.l(btod.o)
    0x080061f0   0x00000060   Code   RO          786    CL$$btod_d2e_norm_op1  c_w.l(btod.o)
    0x08006250   0x00000338   Code   RO          795    CL$$btod_div_common  c_w.l(btod.o)
    0x08006588   0x000000c6   Code   RO          792    CL$$btod_e2e        c_w.l(btod.o)
    0x0800664e   0x00000028   Code   RO          789    CL$$btod_ediv       c_w.l(btod.o)
    0x08006676   0x00000028   Code   RO          788    CL$$btod_emul       c_w.l(btod.o)
    0x0800669e   0x00000244   Code   RO          794    CL$$btod_mult_common  c_w.l(btod.o)
    0x080068e2   0x00000028   Code   RO          820    i.__ARM_fpclassify  m_ws.l(fpclassify.o)
    0x0800690a   0x0000000e   Code   RO          637    i._is_digit         c_w.l(__printf_wp.o)
    0x08006918   0x0000002c   Code   RO          808    locale$$code        c_w.l(lc_numeric_c.o)
    0x08006944   0x0000002c   Code   RO          828    locale$$code        c_w.l(lc_ctype_c.o)
    0x08006970   0x00000062   Code   RO          659    x$fpl$d2f           fz_ws.l(d2f.o)
    0x080069d2   0x00000002   PAD
    0x080069d4   0x00000150   Code   RO          661    x$fpl$dadd          fz_ws.l(daddsub_clz.o)
    0x08006b24   0x000002b0   Code   RO          668    x$fpl$ddiv          fz_ws.l(ddiv.o)
    0x08006dd4   0x00000154   Code   RO          671    x$fpl$dmul          fz_ws.l(dmul.o)
    0x08006f28   0x0000009c   Code   RO          731    x$fpl$dnaninf       fz_ws.l(dnaninf.o)
    0x08006fc4   0x0000000c   Code   RO          733    x$fpl$dretinf       fz_ws.l(dretinf.o)
    0x08006fd0   0x00000016   Code   RO          662    x$fpl$drsb          fz_ws.l(daddsub_clz.o)
    0x08006fe6   0x00000002   PAD
    0x08006fe8   0x000001d4   Code   RO          663    x$fpl$dsub          fz_ws.l(daddsub_clz.o)
    0x080071bc   0x00000056   Code   RO          673    x$fpl$f2d           fz_ws.l(f2d.o)
    0x08007212   0x00000002   PAD
    0x08007214   0x0000003e   Code   RO          675    x$fpl$ffixu         fz_ws.l(ffixu.o)
    0x08007252   0x00000002   PAD
    0x08007254   0x00000026   Code   RO          679    x$fpl$ffltu         fz_ws.l(fflt_clz.o)
    0x0800727a   0x0000008c   Code   RO          735    x$fpl$fnaninf       fz_ws.l(fnaninf.o)
    0x08007306   0x0000000a   Code   RO          737    x$fpl$fretinf       fz_ws.l(fretinf.o)
    0x08007310   0x00000004   Code   RO          739    x$fpl$printf1       fz_ws.l(printf1.o)
    0x08007314   0x00000000   Code   RO          741    x$fpl$usenofp       fz_ws.l(usenofp.o)
    0x08007314   0x00000e60   Data   RO          247    .constdata          oled.o
    0x08008174   0x00000018   Data   RO          300    .constdata          rtc.o
    0x0800818c   0x00000028   Data   RO          625    .constdata          c_w.l(_printf_hex_int_ll_ptr.o)
    0x080081b4   0x00000011   Data   RO          645    .constdata          c_w.l(__printf_flags_ss_wp.o)
    0x080081c5   0x00000003   PAD
    0x080081c8   0x00000008   Data   RO          703    .constdata          c_w.l(_printf_wctomb.o)
    0x080081d0   0x00000094   Data   RO          783    .constdata          c_w.l(bigflt0.o)
    0x08008264   0x0000001f   Data   RO          544    .conststring        usmart.o
    0x08008283   0x000000a4   Data   RO          563    .conststring        usmart_config.o
    0x08008327   0x00000001   PAD
    0x08008328   0x00000020   Data   RO          947    Region$$Table       anon$$obj.o
    0x08008348   0x0000001c   Data   RO          807    locale$$data        c_w.l(lc_numeric_c.o)
    0x08008364   0x00000110   Data   RO          827    locale$$data        c_w.l(lc_ctype_c.o)


    Execution Region RW_IRAM1 (Base: 0x20000000, Size: 0x00000f40, Max: 0x00010000, ABSOLUTE, COMPRESSED[0x00000078])

    Base Addr    Size         Type   Attr      Idx    E Section Name        Object

    0x20000000   0x00000002   Data   RW            2    .data               main.o
    0x20000002   0x00000002   PAD
    0x20000004   0x00000014   Data   RW          170    .data               system_stm32f10x.o
    0x20000018   0x00000004   Data   RW          189    .data               adc.o
    0x2000001c   0x00000001   Data   RW          204    .data               key.o
    0x2000001d   0x00000003   PAD
    0x20000020   0x0000001e   Data   RW          230    .data               timer.o
    0x2000003e   0x00000002   Data   RW          281    .data               usart2.o
    0x20000040   0x00000002   Data   RW          301    .data               rtc.o
    0x20000042   0x00000004   Data   RW          343    .data               delay.o
    0x20000046   0x00000002   PAD
    0x20000048   0x00000008   Data   RW          370    .data               usart.o
    0x20000050   0x00000014   Data   RW          470    .data               stm32f10x_rcc.o
    0x20000064   0x0000001c   Data   RW          545    .data               usmart.o
    0x20000080   0x0000011c   Data   RW          564    .data               usmart_config.o
    0x2000019c   0x000000c8   Zero   RW          188    .bss                adc.o
    0x20000264   0x00000014   Zero   RW          229    .bss                timer.o
    0x20000278   0x00000400   Zero   RW          246    .bss                oled.o
    0x20000678   0x00000190   Zero   RW          280    .bss                usart2.o
    0x20000808   0x0000000a   Zero   RW          299    .bss                rtc.o
    0x20000812   0x000000c8   Zero   RW          369    .bss                usart.o
    0x200008da   0x00000002   PAD
    0x200008dc   0x00000060   Zero   RW          823    .bss                c_w.l(libspace.o)
    0x2000093c   0x00000004   PAD
    0x20000940   0x00000200   Zero   RW          403    HEAP                startup_stm32f10x_hd.o
    0x20000b40   0x00000400   Zero   RW          402    STACK               startup_stm32f10x_hd.o


==============================================================================

Image component sizes


      Code (inc. data)   RO Data    RW Data    ZI Data      Debug   Object Name

       244         16          0          4        200       1242   adc.o
         0          0          0          0          0         32   core_cm3.o
       208         18          0          4          0        919   delay.o
       108          4          0          0          0       1054   dma.o
       252         12          0          1          0        780   key.o
        76          8          0          0          0        447   led.o
      1340         84          0          2          0     275739   main.o
       220         20          0          0          0       1701   misc.o
      1440         32       3680          0       1024       5604   oled.o
       896         28         24          2         10       3404   rtc.o
        64         26        304          0       1536        748   startup_stm32f10x_hd.o
      1102         26          0          0          0      10737   stm32f10x_adc.o
       196          8          0          0          0       3364   stm32f10x_bkp.o
       592          8          0          0          0       4230   stm32f10x_dma.o
       856         40          0          0          0       5545   stm32f10x_gpio.o
        26          0          0          0          0       1138   stm32f10x_it.o
       204         16          0          0          0       1867   stm32f10x_pwr.o
       932         44          0         20          0       8668   stm32f10x_rcc.o
       324          4          0          0          0       2618   stm32f10x_rtc.o
      3610         88          0          0          0      22032   stm32f10x_tim.o
      1032         22          0          0          0       8272   stm32f10x_usart.o
        12          0          0          0          0        401   sys.o
       476         36          0         20          0       1587   system_stm32f10x.o
       764         68          0         30         20       2199   timer.o
       152         28          0          0          0        792   tsensor.o
       324         16          0          8        200       2970   usart.o
       632         30          0          2        400       2789   usart2.o
      3124       1284         31         28          0       4074   usmart.o
         0          0        164        284          0       1452   usmart_config.o
      1320         12          0          0          0       4937   usmart_str.o

    ----------------------------------------------------------------------
     20532       1978       4236        412       3392     381342   Object Totals
         0          0         32          0          0          0   (incl. Generated)
         6          0          1          7          2          0   (incl. Padding)

    ----------------------------------------------------------------------

      Code (inc. data)   RO Data    RW Data    ZI Data      Debug   Library Member Name

        24          4          0          0          0         84   __2printf.o
        90          0          0          0          0          0   __dczerorl2.o
         8          0          0          0          0         68   __main.o
       396          6         17          0          0         92   __printf_flags_ss_wp.o
        14          0          0          0          0         68   __printf_wp.o
        52          8          0          0          0          0   __scatter.o
        28          0          0          0          0          0   __scatter_zi.o
         6          0          0          0          0          0   _printf_a.o
         6          0          0          0          0          0   _printf_c.o
        44          0          0          0          0        108   _printf_char.o
        48          6          0          0          0         96   _printf_char_common.o
        36          4          0          0          0         80   _printf_char_file.o
        42          0          0          0          0         68   _printf_charcount.o
         6          0          0          0          0          0   _printf_d.o
       120         18          0          0          0         92   _printf_dec.o
         6          0          0          0          0          0   _printf_e.o
         6          0          0          0          0          0   _printf_f.o
      1056          0          0          0          0        212   _printf_fp_dec.o
       128         16          0          0          0         84   _printf_fp_infnan.o
         6          0          0          0          0          0   _printf_g.o
       156          6         40          0          0        160   _printf_hex_int_ll_ptr.o
         6          0          0          0          0          0   _printf_i.o
       184          0          0          0          0         88   _printf_intcommon.o
        10          0          0          0          0          0   _printf_l.o
         6          0          0          0          0          0   _printf_lc.o
        10          0          0          0          0          0   _printf_ll.o
         6          0          0          0          0          0   _printf_lld.o
         6          0          0          0          0          0   _printf_lli.o
         6          0          0          0          0          0   _printf_llo.o
         6          0          0          0          0          0   _printf_llu.o
         6          0          0          0          0          0   _printf_llx.o
       120         16          0          0          0         92   _printf_longlong_dec.o
         6          0          0          0          0          0   _printf_ls.o
         6          0          0          0          0          0   _printf_n.o
         6          0          0          0          0          0   _printf_o.o
       120          8          0          0          0        124   _printf_oct_int_ll.o
         6          0          0          0          0          0   _printf_p.o
        82          0          0          0          0        108   _printf_pad.o
         0          0          0          0          0          0   _printf_percent.o
         4          0          0          0          0          0   _printf_percent_end.o
         6          0          0          0          0          0   _printf_s.o
        82          0          0          0          0         80   _printf_str.o
        36          0          0          0          0         84   _printf_truncate.o
         6          0          0          0          0          0   _printf_u.o
        44          0          0          0          0        108   _printf_wchar.o
       188          6          8          0          0         92   _printf_wctomb.o
         6          0          0          0          0          0   _printf_x.o
        10          0          0          0          0         68   _sputc.o
        64          0          0          0          0         92   _wcrtomb.o
       228          6        148          0          0         96   bigflt0.o
      1910        128          0          0          0        672   btod.o
        36          4          0          0          0         76   c89vsprintf.o
        12          0          0          0          0         72   exit.o
         8          0          0          0          0         68   ferror.o
         6          0          0          0          0        152   heapauxi.o
        44         10        272          0          0         76   lc_ctype_c.o
        44         10         28          0          0         76   lc_numeric_c.o
         2          0          0          0          0          0   libinit.o
        30          0          0          0          0          0   libinit2.o
         2          0          0          0          0          0   libshutdown.o
         2          0          0          0          0          0   libshutdown2.o
         8          4          0          0         96         68   libspace.o
       138          0          0          0          0         80   lludiv10.o
        16          4          0          0          0         76   rt_ctype_table.o
         8          4          0          0          0         68   rt_locale_intlibspace.o
         0          0          0          0          0          0   rtentry.o
        12          0          0          0          0          0   rtentry2.o
         6          0          0          0          0          0   rtentry4.o
         2          0          0          0          0          0   rtexit.o
        10          0          0          0          0          0   rtexit2.o
       128          0          0          0          0         68   strcmpv7m.o
        62          0          0          0          0         76   strlen.o
        74          0          0          0          0         80   sys_stackheap_outer.o
         2          0          0          0          0         68   use_no_semi.o
         2          0          0          0          0         68   use_no_semi_2.o
        98          4          0          0          0         92   d2f.o
       826         16          0          0          0        356   daddsub_clz.o
       688        140          0          0          0        212   ddiv.o
       340         12          0          0          0        104   dmul.o
       156          4          0          0          0         92   dnaninf.o
        12          0          0          0          0         68   dretinf.o
        86          4          0          0          0         84   f2d.o
        62          4          0          0          0         84   ffixu.o
        38          0          0          0          0         68   fflt_clz.o
       140          4          0          0          0         84   fnaninf.o
        10          0          0          0          0         68   fretinf.o
         4          0          0          0          0         68   printf1.o
         0          0          0          0          0          0   usenofp.o
        40          0          0          0          0         68   fpclassify.o

    ----------------------------------------------------------------------
      8624        456        516          0        100       5536   Library Totals
        16          0          3          0          4          0   (incl. Padding)

    ----------------------------------------------------------------------

      Code (inc. data)   RO Data    RW Data    ZI Data      Debug   Library Name

      6108        268        513          0         96       4088   c_w.l
      2460        188          0          0          0       1380   fz_ws.l
        40          0          0          0          0         68   m_ws.l

    ----------------------------------------------------------------------
      8624        456        516          0        100       5536   Library Totals

    ----------------------------------------------------------------------

==============================================================================


      Code (inc. data)   RO Data    RW Data    ZI Data      Debug   

     29156       2434       4752        412       3492     381054   Grand Totals
     29156       2434       4752        120       3492     381054   ELF Image Totals (compressed)
     29156       2434       4752        120          0          0   ROM Totals

==============================================================================

    Total RO  Size (Code + RO Data)                33908 (  33.11kB)
    Total RW  Size (RW Data + ZI Data)              3904 (   3.81kB)
    Total ROM Size (Code + RO Data + RW Data)      34028 (  33.23kB)

==============================================================================

